Display_LCD.c:16:6:init_LCD	8	static
Display_LCD.c:27:6:testSuDueRighe	40	static
Display_LCD.c:45:6:init_modo_4bit	8	static
Display_LCD.c:69:6:SetLCD	8	static
Display_LCD.c:96:6:LcdStrobe	16	static
Display_LCD.c:104:6:lcd_cmd	16	static
Display_LCD.c:112:6:CodeOut	16	static
Display_LCD.c:151:6:PulisciSchermo	8	static
Display_LCD.c:159:6:StampaInteroSuLCD	32	static
Display_LCD.c:167:6:go_xy	24	static
Display_LCD.c:189:6:StampaStringaSuLCD	16	static
Display_LCD.c:196:6:StampaCarattereSuLCD	16	static
Display_LCD.c:202:6:lcd_puts	16	static
Display_LCD.c:209:6:lcd_data	16	static
