stm32f4xx_it.c:81:6:NMI_Handler	4	static
stm32f4xx_it.c:94:6:HardFault_Handler	4	static
stm32f4xx_it.c:109:6:MemManage_Handler	4	static
stm32f4xx_it.c:124:6:BusFault_Handler	4	static
stm32f4xx_it.c:139:6:UsageFault_Handler	4	static
stm32f4xx_it.c:154:6:SVC_Handler	4	static
stm32f4xx_it.c:167:6:DebugMon_Handler	4	static
stm32f4xx_it.c:180:6:PendSV_Handler	4	static
stm32f4xx_it.c:193:6:SysTick_Handler	8	static
stm32f4xx_it.c:251:6:EXTI3_IRQHandler	8	static
stm32f4xx_it.c:265:6:EXTI9_5_IRQHandler	8	static
stm32f4xx_it.c:282:6:EXTI15_10_IRQHandler	8	static
stm32f4xx_it.c:296:6:HAL_GPIO_EXTI_Callback	16	static
