Archive member included to satisfy reference by file (symbol)

c:/st/stm32cubeide_1.2.0/stm32cubeide/plugins/com.st.stm32cube.ide.mcu.externaltools.gnu-tools-for-stm32.7-2018-q2-update.win32_1.0.0.201904181610/tools/bin/../lib/gcc/arm-none-eabi/7.3.1/../../../../arm-none-eabi/lib/thumb/v7e-m/fpv4-sp/hard\libc_nano.a(lib_a-exit.o)
                              c:/st/stm32cubeide_1.2.0/stm32cubeide/plugins/com.st.stm32cube.ide.mcu.externaltools.gnu-tools-for-stm32.7-2018-q2-update.win32_1.0.0.201904181610/tools/bin/../lib/gcc/arm-none-eabi/7.3.1/../../../../arm-none-eabi/lib/thumb/v7e-m/fpv4-sp/hard/crt0.o (exit)
c:/st/stm32cubeide_1.2.0/stm32cubeide/plugins/com.st.stm32cube.ide.mcu.externaltools.gnu-tools-for-stm32.7-2018-q2-update.win32_1.0.0.201904181610/tools/bin/../lib/gcc/arm-none-eabi/7.3.1/../../../../arm-none-eabi/lib/thumb/v7e-m/fpv4-sp/hard\libc_nano.a(lib_a-impure.o)
                              c:/st/stm32cubeide_1.2.0/stm32cubeide/plugins/com.st.stm32cube.ide.mcu.externaltools.gnu-tools-for-stm32.7-2018-q2-update.win32_1.0.0.201904181610/tools/bin/../lib/gcc/arm-none-eabi/7.3.1/../../../../arm-none-eabi/lib/thumb/v7e-m/fpv4-sp/hard\libc_nano.a(lib_a-exit.o) (_global_impure_ptr)
c:/st/stm32cubeide_1.2.0/stm32cubeide/plugins/com.st.stm32cube.ide.mcu.externaltools.gnu-tools-for-stm32.7-2018-q2-update.win32_1.0.0.201904181610/tools/bin/../lib/gcc/arm-none-eabi/7.3.1/../../../../arm-none-eabi/lib/thumb/v7e-m/fpv4-sp/hard\libc_nano.a(lib_a-init.o)
                              c:/st/stm32cubeide_1.2.0/stm32cubeide/plugins/com.st.stm32cube.ide.mcu.externaltools.gnu-tools-for-stm32.7-2018-q2-update.win32_1.0.0.201904181610/tools/bin/../lib/gcc/arm-none-eabi/7.3.1/../../../../arm-none-eabi/lib/thumb/v7e-m/fpv4-sp/hard/crt0.o (__libc_init_array)
c:/st/stm32cubeide_1.2.0/stm32cubeide/plugins/com.st.stm32cube.ide.mcu.externaltools.gnu-tools-for-stm32.7-2018-q2-update.win32_1.0.0.201904181610/tools/bin/../lib/gcc/arm-none-eabi/7.3.1/../../../../arm-none-eabi/lib/thumb/v7e-m/fpv4-sp/hard\libc_nano.a(lib_a-itoa.o)
                              Core/Src/Display_LCD.o (itoa)
c:/st/stm32cubeide_1.2.0/stm32cubeide/plugins/com.st.stm32cube.ide.mcu.externaltools.gnu-tools-for-stm32.7-2018-q2-update.win32_1.0.0.201904181610/tools/bin/../lib/gcc/arm-none-eabi/7.3.1/../../../../arm-none-eabi/lib/thumb/v7e-m/fpv4-sp/hard\libc_nano.a(lib_a-memset.o)
                              c:/st/stm32cubeide_1.2.0/stm32cubeide/plugins/com.st.stm32cube.ide.mcu.externaltools.gnu-tools-for-stm32.7-2018-q2-update.win32_1.0.0.201904181610/tools/bin/../lib/gcc/arm-none-eabi/7.3.1/../../../../arm-none-eabi/lib/thumb/v7e-m/fpv4-sp/hard/crt0.o (memset)
c:/st/stm32cubeide_1.2.0/stm32cubeide/plugins/com.st.stm32cube.ide.mcu.externaltools.gnu-tools-for-stm32.7-2018-q2-update.win32_1.0.0.201904181610/tools/bin/../lib/gcc/arm-none-eabi/7.3.1/../../../../arm-none-eabi/lib/thumb/v7e-m/fpv4-sp/hard\libc_nano.a(lib_a-strcmp.o)
                              Core/Src/Keyb_4x4.o (strcmp)
c:/st/stm32cubeide_1.2.0/stm32cubeide/plugins/com.st.stm32cube.ide.mcu.externaltools.gnu-tools-for-stm32.7-2018-q2-update.win32_1.0.0.201904181610/tools/bin/../lib/gcc/arm-none-eabi/7.3.1/../../../../arm-none-eabi/lib/thumb/v7e-m/fpv4-sp/hard\libc_nano.a(lib_a-strlen.o)
                              Core/Src/Keyb_4x4.o (strlen)
c:/st/stm32cubeide_1.2.0/stm32cubeide/plugins/com.st.stm32cube.ide.mcu.externaltools.gnu-tools-for-stm32.7-2018-q2-update.win32_1.0.0.201904181610/tools/bin/../lib/gcc/arm-none-eabi/7.3.1/../../../../arm-none-eabi/lib/thumb/v7e-m/fpv4-sp/hard\libc_nano.a(lib_a-utoa.o)
                              c:/st/stm32cubeide_1.2.0/stm32cubeide/plugins/com.st.stm32cube.ide.mcu.externaltools.gnu-tools-for-stm32.7-2018-q2-update.win32_1.0.0.201904181610/tools/bin/../lib/gcc/arm-none-eabi/7.3.1/../../../../arm-none-eabi/lib/thumb/v7e-m/fpv4-sp/hard\libc_nano.a(lib_a-itoa.o) (__utoa)
c:/st/stm32cubeide_1.2.0/stm32cubeide/plugins/com.st.stm32cube.ide.mcu.externaltools.gnu-tools-for-stm32.7-2018-q2-update.win32_1.0.0.201904181610/tools/bin/../lib/gcc/arm-none-eabi/7.3.1/thumb/v7e-m/fpv4-sp/hard\libgcc.a(_aeabi_uldivmod.o)
                              Drivers/STM32F4xx_HAL_Driver/Src/stm32f4xx_hal_rcc.o (__aeabi_uldivmod)
c:/st/stm32cubeide_1.2.0/stm32cubeide/plugins/com.st.stm32cube.ide.mcu.externaltools.gnu-tools-for-stm32.7-2018-q2-update.win32_1.0.0.201904181610/tools/bin/../lib/gcc/arm-none-eabi/7.3.1/thumb/v7e-m/fpv4-sp/hard\libgcc.a(_udivmoddi4.o)
                              c:/st/stm32cubeide_1.2.0/stm32cubeide/plugins/com.st.stm32cube.ide.mcu.externaltools.gnu-tools-for-stm32.7-2018-q2-update.win32_1.0.0.201904181610/tools/bin/../lib/gcc/arm-none-eabi/7.3.1/thumb/v7e-m/fpv4-sp/hard\libgcc.a(_aeabi_uldivmod.o) (__udivmoddi4)
[...]
Memory Configuration

Name             Origin             Length             Attributes
RAM              0x0000000020000000 0x0000000000018000 xrw
FLASH            0x0000000008000000 0x0000000000080000 xr
*default*        0x0000000000000000 0xffffffffffffffff

Linker script and memory map

LOAD c:/st/stm32cubeide_1.2.0/stm32cubeide/plugins/com.st.stm32cube.ide.mcu.externaltools.gnu-tools-for-stm32.7-2018-q2-update.win32_1.0.0.201904181610/tools/bin/../lib/gcc/arm-none-eabi/7.3.1/thumb/v7e-m/fpv4-sp/hard/crti.o
LOAD c:/st/stm32cubeide_1.2.0/stm32cubeide/plugins/com.st.stm32cube.ide.mcu.externaltools.gnu-tools-for-stm32.7-2018-q2-update.win32_1.0.0.201904181610/tools/bin/../lib/gcc/arm-none-eabi/7.3.1/thumb/v7e-m/fpv4-sp/hard/crtbegin.o
LOAD c:/st/stm32cubeide_1.2.0/stm32cubeide/plugins/com.st.stm32cube.ide.mcu.externaltools.gnu-tools-for-stm32.7-2018-q2-update.win32_1.0.0.201904181610/tools/bin/../lib/gcc/arm-none-eabi/7.3.1/../../../../arm-none-eabi/lib/thumb/v7e-m/fpv4-sp/hard/crt0.o
LOAD Core/Src/Display_LCD.o
LOAD Core/Src/Keyb_4x4.o
LOAD Core/Src/gpio.o
LOAD Core/Src/main.o
LOAD Core/Src/stm32f4xx_hal_msp.o
LOAD Core/Src/stm32f4xx_it.o
LOAD Core/Src/system_stm32f4xx.o
LOAD Core/Src/tim.o
LOAD Core/Src/usart.o
LOAD Core/Startup/startup_stm32f401retx.o
LOAD Drivers/STM32F4xx_HAL_Driver/Src/stm32f4xx_hal.o
LOAD Drivers/STM32F4xx_HAL_Driver/Src/stm32f4xx_hal_cortex.o
LOAD Drivers/STM32F4xx_HAL_Driver/Src/stm32f4xx_hal_dma.o
LOAD Drivers/STM32F4xx_HAL_Driver/Src/stm32f4xx_hal_dma_ex.o
LOAD Drivers/STM32F4xx_HAL_Driver/Src/stm32f4xx_hal_exti.o
LOAD Drivers/STM32F4xx_HAL_Driver/Src/stm32f4xx_hal_flash.o
LOAD Drivers/STM32F4xx_HAL_Driver/Src/stm32f4xx_hal_flash_ex.o
LOAD Drivers/STM32F4xx_HAL_Driver/Src/stm32f4xx_hal_flash_ramfunc.o
LOAD Drivers/STM32F4xx_HAL_Driver/Src/stm32f4xx_hal_gpio.o
LOAD Drivers/STM32F4xx_HAL_Driver/Src/stm32f4xx_hal_pwr.o
LOAD Drivers/STM32F4xx_HAL_Driver/Src/stm32f4xx_hal_pwr_ex.o
LOAD Drivers/STM32F4xx_HAL_Driver/Src/stm32f4xx_hal_rcc.o
LOAD Drivers/STM32F4xx_HAL_Driver/Src/stm32f4xx_hal_rcc_ex.o
LOAD Drivers/STM32F4xx_HAL_Driver/Src/stm32f4xx_hal_tim.o
LOAD Drivers/STM32F4xx_HAL_Driver/Src/stm32f4xx_hal_tim_ex.o
LOAD Drivers/STM32F4xx_HAL_Driver/Src/stm32f4xx_hal_uart.o
START GROUP
LOAD c:/st/stm32cubeide_1.2.0/stm32cubeide/plugins/com.st.stm32cube.ide.mcu.externaltools.gnu-tools-for-stm32.7-2018-q2-update.win32_1.0.0.201904181610/tools/bin/../lib/gcc/arm-none-eabi/7.3.1/../../../../arm-none-eabi/lib/thumb/v7e-m/fpv4-sp/hard\libc_nano.a
LOAD c:/st/stm32cubeide_1.2.0/stm32cubeide/plugins/com.st.stm32cube.ide.mcu.externaltools.gnu-tools-for-stm32.7-2018-q2-update.win32_1.0.0.201904181610/tools/bin/../lib/gcc/arm-none-eabi/7.3.1/../../../../arm-none-eabi/lib/thumb/v7e-m/fpv4-sp/hard\libm.a
END GROUP
START GROUP
LOAD c:/st/stm32cubeide_1.2.0/stm32cubeide/plugins/com.st.stm32cube.ide.mcu.externaltools.gnu-tools-for-stm32.7-2018-q2-update.win32_1.0.0.201904181610/tools/bin/../lib/gcc/arm-none-eabi/7.3.1/thumb/v7e-m/fpv4-sp/hard\libgcc.a
LOAD c:/st/stm32cubeide_1.2.0/stm32cubeide/plugins/com.st.stm32cube.ide.mcu.externaltools.gnu-tools-for-stm32.7-2018-q2-update.win32_1.0.0.201904181610/tools/bin/../lib/gcc/arm-none-eabi/7.3.1/../../../../arm-none-eabi/lib/thumb/v7e-m/fpv4-sp/hard\libc_nano.a
END GROUP
START GROUP
LOAD c:/st/stm32cubeide_1.2.0/stm32cubeide/plugins/com.st.stm32cube.ide.mcu.externaltools.gnu-tools-for-stm32.7-2018-q2-update.win32_1.0.0.201904181610/tools/bin/../lib/gcc/arm-none-eabi/7.3.1/thumb/v7e-m/fpv4-sp/hard\libgcc.a
LOAD c:/st/stm32cubeide_1.2.0/stm32cubeide/plugins/com.st.stm32cube.ide.mcu.externaltools.gnu-tools-for-stm32.7-2018-q2-update.win32_1.0.0.201904181610/tools/bin/../lib/gcc/arm-none-eabi/7.3.1/../../../../arm-none-eabi/lib/thumb/v7e-m/fpv4-sp/hard\libc_nano.a
LOAD c:/st/stm32cubeide_1.2.0/stm32cubeide/plugins/com.st.stm32cube.ide.mcu.externaltools.gnu-tools-for-stm32.7-2018-q2-update.win32_1.0.0.201904181610/tools/bin/../lib/gcc/arm-none-eabi/7.3.1/../../../../arm-none-eabi/lib/thumb/v7e-m/fpv4-sp/hard\libnosys.a
END GROUP
START GROUP
LOAD c:/st/stm32cubeide_1.2.0/stm32cubeide/plugins/com.st.stm32cube.ide.mcu.externaltools.gnu-tools-for-stm32.7-2018-q2-update.win32_1.0.0.201904181610/tools/bin/../lib/gcc/arm-none-eabi/7.3.1/thumb/v7e-m/fpv4-sp/hard\libgcc.a
LOAD c:/st/stm32cubeide_1.2.0/stm32cubeide/plugins/com.st.stm32cube.ide.mcu.externaltools.gnu-tools-for-stm32.7-2018-q2-update.win32_1.0.0.201904181610/tools/bin/../lib/gcc/arm-none-eabi/7.3.1/../../../../arm-none-eabi/lib/thumb/v7e-m/fpv4-sp/hard\libc_nano.a
LOAD c:/st/stm32cubeide_1.2.0/stm32cubeide/plugins/com.st.stm32cube.ide.mcu.externaltools.gnu-tools-for-stm32.7-2018-q2-update.win32_1.0.0.201904181610/tools/bin/../lib/gcc/arm-none-eabi/7.3.1/../../../../arm-none-eabi/lib/thumb/v7e-m/fpv4-sp/hard\libnosys.a
END GROUP
LOAD c:/st/stm32cubeide_1.2.0/stm32cubeide/plugins/com.st.stm32cube.ide.mcu.externaltools.gnu-tools-for-stm32.7-2018-q2-update.win32_1.0.0.201904181610/tools/bin/../lib/gcc/arm-none-eabi/7.3.1/thumb/v7e-m/fpv4-sp/hard/crtend.o
LOAD c:/st/stm32cubeide_1.2.0/stm32cubeide/plugins/com.st.stm32cube.ide.mcu.externaltools.gnu-tools-for-stm32.7-2018-q2-update.win32_1.0.0.201904181610/tools/bin/../lib/gcc/arm-none-eabi/7.3.1/thumb/v7e-m/fpv4-sp/hard/crtn.o
                0x0000000020018000                _estack = (ORIGIN (RAM) + LENGTH (RAM))
                0x0000000000000200                _Min_Heap_Size = 0x200
                0x0000000000000400                _Min_Stack_Size = 0x400

.isr_vector     0x0000000008000000      0x194
                0x0000000008000000                . = ALIGN (0x4)
 *(.isr_vector)
 .isr_vector    0x0000000008000000      0x194 Core/Startup/startup_stm32f401retx.o
                0x0000000008000000                g_pfnVectors
                0x0000000008000194                . = ALIGN (0x4)

.text           0x0000000008000194     0x37b0
                0x0000000008000194                . = ALIGN (0x4)
 *(.text)
 .text          0x0000000008000194       0x40 c:/st/stm32cubeide_1.2.0/stm32cubeide/plugins/com.st.stm32cube.ide.mcu.externaltools.gnu-tools-for-stm32.7-2018-q2-update.win32_1.0.0.201904181610/tools/bin/../lib/gcc/arm-none-eabi/7.3.1/thumb/v7e-m/fpv4-sp/hard/crtbegin.o
 .text          0x00000000080001d4       0x14 c:/st/stm32cubeide_1.2.0/stm32cubeide/plugins/com.st.stm32cube.ide.mcu.externaltools.gnu-tools-for-stm32.7-2018-q2-update.win32_1.0.0.201904181610/tools/bin/../lib/gcc/arm-none-eabi/7.3.1/../../../../arm-none-eabi/lib/thumb/v7e-m/fpv4-sp/hard\libc_nano.a(lib_a-strcmp.o)
                0x00000000080001d4                strcmp
 .text          0x00000000080001e8       0x10 c:/st/stm32cubeide_1.2.0/stm32cubeide/plugins/com.st.stm32cube.ide.mcu.externaltools.gnu-tools-for-stm32.7-2018-q2-update.win32_1.0.0.201904181610/tools/bin/../lib/gcc/arm-none-eabi/7.3.1/../../../../arm-none-eabi/lib/thumb/v7e-m/fpv4-sp/hard\libc_nano.a(lib_a-strlen.o)
                0x00000000080001e8                strlen
 .text          0x00000000080001f8       0x30 c:/st/stm32cubeide_1.2.0/stm32cubeide/plugins/com.st.stm32cube.ide.mcu.externaltools.gnu-tools-for-stm32.7-2018-q2-update.win32_1.0.0.201904181610/tools/bin/../lib/gcc/arm-none-eabi/7.3.1/thumb/v7e-m/fpv4-sp/hard\libgcc.a(_aeabi_uldivmod.o)
                0x00000000080001f8                __aeabi_uldivmod
 .text          0x0000000008000228      0x2cc c:/st/stm32cubeide_1.2.0/stm32cubeide/plugins/com.st.stm32cube.ide.mcu.externaltools.gnu-tools-for-stm32.7-2018-q2-update.win32_1.0.0.201904181610/tools/bin/../lib/gcc/arm-none-eabi/7.3.1/thumb/v7e-m/fpv4-sp/hard\libgcc.a(_udivmoddi4.o)
                0x0000000008000228                __udivmoddi4
 .text          0x00000000080004f4        0x4 c:/st/stm32cubeide_1.2.0/stm32cubeide/plugins/com.st.stm32cube.ide.mcu.externaltools.gnu-tools-for-stm32.7-2018-q2-update.win32_1.0.0.201904181610/tools/bin/../lib/gcc/arm-none-eabi/7.3.1/thumb/v7e-m/fpv4-sp/hard\libgcc.a(_dvmd_tls.o)
                0x00000000080004f4                __aeabi_idiv0
                0x00000000080004f4                __aeabi_ldiv0
 *(.text*)
 .text.init_LCD
                0x00000000080004f8       0x18 Core/Src/Display_LCD.o
                0x00000000080004f8                init_LCD
 .text.init_modo_4bit
                0x0000000008000510       0x88 Core/Src/Display_LCD.o
                0x0000000008000510                init_modo_4bit
 .text.SetLCD   0x0000000008000598       0x56 Core/Src/Display_LCD.o
                0x0000000008000598                SetLCD
 *fill*         0x00000000080005ee        0x2 
 .text.LcdStrobe
                0x00000000080005f0       0x38 Core/Src/Display_LCD.o
                0x00000000080005f0                LcdStrobe
 .text.lcd_cmd  0x0000000008000628       0x30 Core/Src/Display_LCD.o
                0x0000000008000628                lcd_cmd
 .text.CodeOut  0x0000000008000658      0x15c Core/Src/Display_LCD.o
                0x0000000008000658                CodeOut
 .text.PulisciSchermo
                0x00000000080007b4        0xe Core/Src/Display_LCD.o
                0x00000000080007b4                PulisciSchermo
 .text.go_xy    0x00000000080007c2       0x4a Core/Src/Display_LCD.o
                0x00000000080007c2                go_xy
 .text.StampaStringaSuLCD
                0x000000000800080c       0x2a Core/Src/Display_LCD.o
                0x000000000800080c                StampaStringaSuLCD
 .text.lcd_puts
                0x0000000008000836       0x28 Core/Src/Display_LCD.o
                0x0000000008000836                lcd_puts
 *fill*         0x000000000800085e        0x2 
 .text.lcd_data
                0x0000000008000860       0x3c Core/Src/Display_LCD.o
                0x0000000008000860                lcd_data
 .text.AttivaPinKeyb4x4
                0x000000000800089c       0x94 Core/Src/Keyb_4x4.o
                0x000000000800089c                AttivaPinKeyb4x4
 .text.StartKeyb4x4
                0x0000000008000930       0x2c Core/Src/Keyb_4x4.o
                0x0000000008000930                StartKeyb4x4
 .text.GestioneRigheMatriceKeyb4x4
                0x000000000800095c       0x88 Core/Src/Keyb_4x4.o
                0x000000000800095c                GestioneRigheMatriceKeyb4x4
 .text.RiconosciTastoAttivato
                0x00000000080009e4      0x174 Core/Src/Keyb_4x4.o
                0x00000000080009e4                RiconosciTastoAttivato
 .text.GestioneEXTI_Keyb4x4
                0x0000000008000b58       0x38 Core/Src/Keyb_4x4.o
                0x0000000008000b58                GestioneEXTI_Keyb4x4
 .text.CheckPassword
                0x0000000008000b90       0xd0 Core/Src/Keyb_4x4.o
                0x0000000008000b90                CheckPassword
 .text.Sound    0x0000000008000c60       0x60 Core/Src/Keyb_4x4.o
                0x0000000008000c60                Sound
 .text.CheckIntrusion
                0x0000000008000cc0       0x40 Core/Src/Keyb_4x4.o
                0x0000000008000cc0                CheckIntrusion
 .text.LedAlarm
                0x0000000008000d00       0x88 Core/Src/Keyb_4x4.o
                0x0000000008000d00                LedAlarm
 .text.MX_GPIO_Init
                0x0000000008000d88      0x1f4 Core/Src/gpio.o
                0x0000000008000d88                MX_GPIO_Init
 .text.main     0x0000000008000f7c       0xd4 Core/Src/main.o
                0x0000000008000f7c                main
 .text.SystemClock_Config
                0x0000000008001050       0xd8 Core/Src/main.o
                0x0000000008001050                SystemClock_Config
 .text.Error_Handler
                0x0000000008001128        0xe Core/Src/main.o
                0x0000000008001128                Error_Handler
 *fill*         0x0000000008001136        0x2 
 .text.HAL_MspInit
                0x0000000008001138       0x50 Core/Src/stm32f4xx_hal_msp.o
                0x0000000008001138                HAL_MspInit
 .text.NMI_Handler
                0x0000000008001188        0xe Core/Src/stm32f4xx_it.o
                0x0000000008001188                NMI_Handler
 .text.HardFault_Handler
                0x0000000008001196        0x6 Core/Src/stm32f4xx_it.o
                0x0000000008001196                HardFault_Handler
 .text.MemManage_Handler
                0x000000000800119c        0x6 Core/Src/stm32f4xx_it.o
                0x000000000800119c                MemManage_Handler
 .text.BusFault_Handler
                0x00000000080011a2        0x6 Core/Src/stm32f4xx_it.o
                0x00000000080011a2                BusFault_Handler
 .text.UsageFault_Handler
                0x00000000080011a8        0x6 Core/Src/stm32f4xx_it.o
                0x00000000080011a8                UsageFault_Handler
 .text.SVC_Handler
                0x00000000080011ae        0xe Core/Src/stm32f4xx_it.o
                0x00000000080011ae                SVC_Handler
 .text.DebugMon_Handler
                0x00000000080011bc        0xe Core/Src/stm32f4xx_it.o
                0x00000000080011bc                DebugMon_Handler
 .text.PendSV_Handler
                0x00000000080011ca        0xe Core/Src/stm32f4xx_it.o
                0x00000000080011ca                PendSV_Handler
 .text.SysTick_Handler
                0x00000000080011d8       0x88 Core/Src/stm32f4xx_it.o
                0x00000000080011d8                SysTick_Handler
 .text.EXTI3_IRQHandler
                0x0000000008001260        0xe Core/Src/stm32f4xx_it.o
                0x0000000008001260                EXTI3_IRQHandler
 .text.EXTI9_5_IRQHandler
                0x000000000800126e       0x22 Core/Src/stm32f4xx_it.o
                0x000000000800126e                EXTI9_5_IRQHandler
 .text.EXTI15_10_IRQHandler
                0x0000000008001290       0x10 Core/Src/stm32f4xx_it.o
                0x0000000008001290                EXTI15_10_IRQHandler
 .text.HAL_GPIO_EXTI_Callback
                0x00000000080012a0       0x70 Core/Src/stm32f4xx_it.o
                0x00000000080012a0                HAL_GPIO_EXTI_Callback
 .text.SystemInit
                0x0000000008001310       0x2c Core/Src/system_stm32f4xx.o
                0x0000000008001310                SystemInit
 .text.MX_TIM2_Init
                0x000000000800133c       0xe8 Core/Src/tim.o
                0x000000000800133c                MX_TIM2_Init
 .text.HAL_TIM_Base_MspInit
                0x0000000008001424       0x40 Core/Src/tim.o
                0x0000000008001424                HAL_TIM_Base_MspInit
 .text.HAL_TIM_MspPostInit
                0x0000000008001464       0x70 Core/Src/tim.o
                0x0000000008001464                HAL_TIM_MspPostInit
 .text.MX_USART2_UART_Init
                0x00000000080014d4       0x54 Core/Src/usart.o
                0x00000000080014d4                MX_USART2_UART_Init
 .text.HAL_UART_MspInit
                0x0000000008001528       0x90 Core/Src/usart.o
                0x0000000008001528                HAL_UART_MspInit
 .text.Reset_Handler
                0x00000000080015b8       0x50 Core/Startup/startup_stm32f401retx.o
                0x00000000080015b8                Reset_Handler
 .text.Default_Handler
                0x0000000008001608        0x2 Core/Startup/startup_stm32f401retx.o
                0x0000000008001608                RTC_Alarm_IRQHandler
                0x0000000008001608                EXTI2_IRQHandler
                0x0000000008001608                SPI4_IRQHandler
                0x0000000008001608                TIM1_CC_IRQHandler
                0x0000000008001608                DMA2_Stream5_IRQHandler
                0x0000000008001608                DMA1_Stream5_IRQHandler
                0x0000000008001608                PVD_IRQHandler
                0x0000000008001608                SDIO_IRQHandler
                0x0000000008001608                TAMP_STAMP_IRQHandler
                0x0000000008001608                TIM1_UP_TIM10_IRQHandler
                0x0000000008001608                I2C3_ER_IRQHandler
                0x0000000008001608                EXTI0_IRQHandler
                0x0000000008001608                I2C2_EV_IRQHandler
                0x0000000008001608                DMA1_Stream2_IRQHandler
                0x0000000008001608                FPU_IRQHandler
                0x0000000008001608                DMA2_Stream2_IRQHandler
                0x0000000008001608                SPI1_IRQHandler
                0x0000000008001608                TIM1_BRK_TIM9_IRQHandler
                0x0000000008001608                DMA2_Stream3_IRQHandler
                0x0000000008001608                USART6_IRQHandler
                0x0000000008001608                DMA2_Stream0_IRQHandler
                0x0000000008001608                TIM4_IRQHandler
                0x0000000008001608                I2C1_EV_IRQHandler
                0x0000000008001608                DMA1_Stream6_IRQHandler
                0x0000000008001608                DMA1_Stream1_IRQHandler
                0x0000000008001608                TIM3_IRQHandler
                0x0000000008001608                RCC_IRQHandler
                0x0000000008001608                Default_Handler
                0x0000000008001608                ADC_IRQHandler
                0x0000000008001608                DMA1_Stream7_IRQHandler
                0x0000000008001608                TIM5_IRQHandler
                0x0000000008001608                DMA2_Stream7_IRQHandler
                0x0000000008001608                I2C3_EV_IRQHandler
                0x0000000008001608                RTC_WKUP_IRQHandler
                0x0000000008001608                SPI2_IRQHandler
                0x0000000008001608                DMA1_Stream0_IRQHandler
                0x0000000008001608                EXTI4_IRQHandler
                0x0000000008001608                WWDG_IRQHandler
                0x0000000008001608                TIM2_IRQHandler
                0x0000000008001608                OTG_FS_WKUP_IRQHandler
                0x0000000008001608                TIM1_TRG_COM_TIM11_IRQHandler
                0x0000000008001608                EXTI1_IRQHandler
                0x0000000008001608                USART2_IRQHandler
                0x0000000008001608                I2C2_ER_IRQHandler
                0x0000000008001608                DMA2_Stream1_IRQHandler
                0x0000000008001608                FLASH_IRQHandler
                0x0000000008001608                DMA2_Stream4_IRQHandler
                0x0000000008001608                USART1_IRQHandler
                0x0000000008001608                OTG_FS_IRQHandler
                0x0000000008001608                SPI3_IRQHandler
                0x0000000008001608                DMA1_Stream4_IRQHandler
                0x0000000008001608                I2C1_ER_IRQHandler
                0x0000000008001608                DMA2_Stream6_IRQHandler
                0x0000000008001608                DMA1_Stream3_IRQHandler
 *fill*         0x000000000800160a        0x2 
 .text.HAL_Init
                0x000000000800160c       0x44 Drivers/STM32F4xx_HAL_Driver/Src/stm32f4xx_hal.o
                0x000000000800160c                HAL_Init
 .text.HAL_InitTick
                0x0000000008001650       0x60 Drivers/STM32F4xx_HAL_Driver/Src/stm32f4xx_hal.o
                0x0000000008001650                HAL_InitTick
 .text.HAL_IncTick
                0x00000000080016b0       0x28 Drivers/STM32F4xx_HAL_Driver/Src/stm32f4xx_hal.o
                0x00000000080016b0                HAL_IncTick
 .text.HAL_GetTick
                0x00000000080016d8       0x18 Drivers/STM32F4xx_HAL_Driver/Src/stm32f4xx_hal.o
                0x00000000080016d8                HAL_GetTick
 .text.HAL_Delay
                0x00000000080016f0       0x44 Drivers/STM32F4xx_HAL_Driver/Src/stm32f4xx_hal.o
                0x00000000080016f0                HAL_Delay
 .text.__NVIC_SetPriorityGrouping
                0x0000000008001734       0x48 Drivers/STM32F4xx_HAL_Driver/Src/stm32f4xx_hal_cortex.o
 .text.__NVIC_GetPriorityGrouping
                0x000000000800177c       0x1c Drivers/STM32F4xx_HAL_Driver/Src/stm32f4xx_hal_cortex.o
 .text.__NVIC_EnableIRQ
                0x0000000008001798       0x3c Drivers/STM32F4xx_HAL_Driver/Src/stm32f4xx_hal_cortex.o
 .text.__NVIC_DisableIRQ
                0x00000000080017d4       0x44 Drivers/STM32F4xx_HAL_Driver/Src/stm32f4xx_hal_cortex.o
 .text.__NVIC_SetPriority
                0x0000000008001818       0x54 Drivers/STM32F4xx_HAL_Driver/Src/stm32f4xx_hal_cortex.o
 .text.NVIC_EncodePriority
                0x000000000800186c       0x66 Drivers/STM32F4xx_HAL_Driver/Src/stm32f4xx_hal_cortex.o
 *fill*         0x00000000080018d2        0x2 
 .text.SysTick_Config
                0x00000000080018d4       0x44 Drivers/STM32F4xx_HAL_Driver/Src/stm32f4xx_hal_cortex.o
 .text.HAL_NVIC_SetPriorityGrouping
                0x0000000008001918       0x16 Drivers/STM32F4xx_HAL_Driver/Src/stm32f4xx_hal_cortex.o
                0x0000000008001918                HAL_NVIC_SetPriorityGrouping
 .text.HAL_NVIC_SetPriority
                0x000000000800192e       0x38 Drivers/STM32F4xx_HAL_Driver/Src/stm32f4xx_hal_cortex.o
                0x000000000800192e                HAL_NVIC_SetPriority
 .text.HAL_NVIC_EnableIRQ
                0x0000000008001966       0x1c Drivers/STM32F4xx_HAL_Driver/Src/stm32f4xx_hal_cortex.o
                0x0000000008001966                HAL_NVIC_EnableIRQ
 .text.HAL_NVIC_DisableIRQ
                0x0000000008001982       0x1c Drivers/STM32F4xx_HAL_Driver/Src/stm32f4xx_hal_cortex.o
                0x0000000008001982                HAL_NVIC_DisableIRQ
 .text.HAL_SYSTICK_Config
                0x000000000800199e       0x18 Drivers/STM32F4xx_HAL_Driver/Src/stm32f4xx_hal_cortex.o
                0x000000000800199e                HAL_SYSTICK_Config
 *fill*         0x00000000080019b6        0x2 
 .text.HAL_GPIO_Init
                0x00000000080019b8      0x304 Drivers/STM32F4xx_HAL_Driver/Src/stm32f4xx_hal_gpio.o
                0x00000000080019b8                HAL_GPIO_Init
 .text.HAL_GPIO_ReadPin
                0x0000000008001cbc       0x30 Drivers/STM32F4xx_HAL_Driver/Src/stm32f4xx_hal_gpio.o
                0x0000000008001cbc                HAL_GPIO_ReadPin
 .text.HAL_GPIO_WritePin
                0x0000000008001cec       0x32 Drivers/STM32F4xx_HAL_Driver/Src/stm32f4xx_hal_gpio.o
                0x0000000008001cec                HAL_GPIO_WritePin
 *fill*         0x0000000008001d1e        0x2 
 .text.HAL_GPIO_EXTI_IRQHandler
                0x0000000008001d20       0x30 Drivers/STM32F4xx_HAL_Driver/Src/stm32f4xx_hal_gpio.o
                0x0000000008001d20                HAL_GPIO_EXTI_IRQHandler
 .text.HAL_RCC_OscConfig
                0x0000000008001d50      0x4e0 Drivers/STM32F4xx_HAL_Driver/Src/stm32f4xx_hal_rcc.o
                0x0000000008001d50                HAL_RCC_OscConfig
 .text.HAL_RCC_ClockConfig
                0x0000000008002230      0x1cc Drivers/STM32F4xx_HAL_Driver/Src/stm32f4xx_hal_rcc.o
                0x0000000008002230                HAL_RCC_ClockConfig
 .text.HAL_RCC_GetSysClockFreq
                0x00000000080023fc      0x1b0 Drivers/STM32F4xx_HAL_Driver/Src/stm32f4xx_hal_rcc.o
                0x00000000080023fc                HAL_RCC_GetSysClockFreq
 .text.HAL_RCC_GetHCLKFreq
                0x00000000080025ac       0x18 Drivers/STM32F4xx_HAL_Driver/Src/stm32f4xx_hal_rcc.o
                0x00000000080025ac                HAL_RCC_GetHCLKFreq
 .text.HAL_RCC_GetPCLK1Freq
                0x00000000080025c4       0x28 Drivers/STM32F4xx_HAL_Driver/Src/stm32f4xx_hal_rcc.o
                0x00000000080025c4                HAL_RCC_GetPCLK1Freq
 .text.HAL_RCC_GetPCLK2Freq
                0x00000000080025ec       0x28 Drivers/STM32F4xx_HAL_Driver/Src/stm32f4xx_hal_rcc.o
                0x00000000080025ec                HAL_RCC_GetPCLK2Freq
 .text.HAL_TIM_Base_Init
                0x0000000008002614       0x56 Drivers/STM32F4xx_HAL_Driver/Src/stm32f4xx_hal_tim.o
                0x0000000008002614                HAL_TIM_Base_Init
 .text.HAL_TIM_PWM_Init
                0x000000000800266a       0x56 Drivers/STM32F4xx_HAL_Driver/Src/stm32f4xx_hal_tim.o
                0x000000000800266a                HAL_TIM_PWM_Init
 .text.HAL_TIM_PWM_MspInit
                0x00000000080026c0       0x14 Drivers/STM32F4xx_HAL_Driver/Src/stm32f4xx_hal_tim.o
                0x00000000080026c0                HAL_TIM_PWM_MspInit
 .text.HAL_TIM_PWM_Start
                0x00000000080026d4       0x64 Drivers/STM32F4xx_HAL_Driver/Src/stm32f4xx_hal_tim.o
                0x00000000080026d4                HAL_TIM_PWM_Start
 .text.HAL_TIM_PWM_Stop
                0x0000000008002738       0x98 Drivers/STM32F4xx_HAL_Driver/Src/stm32f4xx_hal_tim.o
                0x0000000008002738                HAL_TIM_PWM_Stop
 .text.HAL_TIM_PWM_ConfigChannel
                0x00000000080027d0      0x18c Drivers/STM32F4xx_HAL_Driver/Src/stm32f4xx_hal_tim.o
                0x00000000080027d0                HAL_TIM_PWM_ConfigChannel
 .text.HAL_TIM_ConfigClockSource
                0x000000000800295c      0x16e Drivers/STM32F4xx_HAL_Driver/Src/stm32f4xx_hal_tim.o
                0x000000000800295c                HAL_TIM_ConfigClockSource
 *fill*         0x0000000008002aca        0x2 
 .text.TIM_Base_SetConfig
                0x0000000008002acc      0x100 Drivers/STM32F4xx_HAL_Driver/Src/stm32f4xx_hal_tim.o
                0x0000000008002acc                TIM_Base_SetConfig
 .text.TIM_OC1_SetConfig
                0x0000000008002bcc       0xcc Drivers/STM32F4xx_HAL_Driver/Src/stm32f4xx_hal_tim.o
 .text.TIM_OC2_SetConfig
                0x0000000008002c98       0xd8 Drivers/STM32F4xx_HAL_Driver/Src/stm32f4xx_hal_tim.o
                0x0000000008002c98                TIM_OC2_SetConfig
 .text.TIM_OC3_SetConfig
                0x0000000008002d70       0xd4 Drivers/STM32F4xx_HAL_Driver/Src/stm32f4xx_hal_tim.o
 .text.TIM_OC4_SetConfig
                0x0000000008002e44       0xa0 Drivers/STM32F4xx_HAL_Driver/Src/stm32f4xx_hal_tim.o
 .text.TIM_TI1_ConfigInputStage
                0x0000000008002ee4       0x5e Drivers/STM32F4xx_HAL_Driver/Src/stm32f4xx_hal_tim.o
 .text.TIM_TI2_ConfigInputStage
                0x0000000008002f42       0x60 Drivers/STM32F4xx_HAL_Driver/Src/stm32f4xx_hal_tim.o
 .text.TIM_ITRx_SetConfig
                0x0000000008002fa2       0x36 Drivers/STM32F4xx_HAL_Driver/Src/stm32f4xx_hal_tim.o
 .text.TIM_ETR_SetConfig
                0x0000000008002fd8       0x40 Drivers/STM32F4xx_HAL_Driver/Src/stm32f4xx_hal_tim.o
                0x0000000008002fd8                TIM_ETR_SetConfig
 .text.TIM_CCxChannelCmd
                0x0000000008003018       0x4a Drivers/STM32F4xx_HAL_Driver/Src/stm32f4xx_hal_tim.o
                0x0000000008003018                TIM_CCxChannelCmd
 *fill*         0x0000000008003062        0x2 
 .text.HAL_TIMEx_MasterConfigSynchronization
                0x0000000008003064       0xdc Drivers/STM32F4xx_HAL_Driver/Src/stm32f4xx_hal_tim_ex.o
                0x0000000008003064                HAL_TIMEx_MasterConfigSynchronization
 .text.HAL_UART_Init
                0x0000000008003140       0x9a Drivers/STM32F4xx_HAL_Driver/Src/stm32f4xx_hal_uart.o
                0x0000000008003140                HAL_UART_Init
 *fill*         0x00000000080031da        0x2 
 .text.UART_SetConfig
                0x00000000080031dc      0x6f8 Drivers/STM32F4xx_HAL_Driver/Src/stm32f4xx_hal_uart.o
 .text.__libc_init_array
                0x00000000080038d4       0x48 c:/st/stm32cubeide_1.2.0/stm32cubeide/plugins/com.st.stm32cube.ide.mcu.externaltools.gnu-tools-for-stm32.7-2018-q2-update.win32_1.0.0.201904181610/tools/bin/../lib/gcc/arm-none-eabi/7.3.1/../../../../arm-none-eabi/lib/thumb/v7e-m/fpv4-sp/hard\libc_nano.a(lib_a-init.o)
                0x00000000080038d4                __libc_init_array
 .text.memset   0x000000000800391c       0x10 c:/st/stm32cubeide_1.2.0/stm32cubeide/plugins/com.st.stm32cube.ide.mcu.externaltools.gnu-tools-for-stm32.7-2018-q2-update.win32_1.0.0.201904181610/tools/bin/../lib/gcc/arm-none-eabi/7.3.1/../../../../arm-none-eabi/lib/thumb/v7e-m/fpv4-sp/hard\libc_nano.a(lib_a-memset.o)
                0x000000000800391c                memset
 *(.glue_7)
 .glue_7        0x000000000800392c        0x0 linker stubs
 *(.glue_7t)
 .glue_7t       0x000000000800392c        0x0 linker stubs
 *(.eh_frame)
 .eh_frame      0x000000000800392c        0x0 c:/st/stm32cubeide_1.2.0/stm32cubeide/plugins/com.st.stm32cube.ide.mcu.externaltools.gnu-tools-for-stm32.7-2018-q2-update.win32_1.0.0.201904181610/tools/bin/../lib/gcc/arm-none-eabi/7.3.1/thumb/v7e-m/fpv4-sp/hard/crtbegin.o
 *(.init)
 .init          0x000000000800392c        0x4 c:/st/stm32cubeide_1.2.0/stm32cubeide/plugins/com.st.stm32cube.ide.mcu.externaltools.gnu-tools-for-stm32.7-2018-q2-update.win32_1.0.0.201904181610/tools/bin/../lib/gcc/arm-none-eabi/7.3.1/thumb/v7e-m/fpv4-sp/hard/crti.o
                0x000000000800392c                _init
 .init          0x0000000008003930        0x8 c:/st/stm32cubeide_1.2.0/stm32cubeide/plugins/com.st.stm32cube.ide.mcu.externaltools.gnu-tools-for-stm32.7-2018-q2-update.win32_1.0.0.201904181610/tools/bin/../lib/gcc/arm-none-eabi/7.3.1/thumb/v7e-m/fpv4-sp/hard/crtn.o
 *(.fini)
 .fini          0x0000000008003938        0x4 c:/st/stm32cubeide_1.2.0/stm32cubeide/plugins/com.st.stm32cube.ide.mcu.externaltools.gnu-tools-for-stm32.7-2018-q2-update.win32_1.0.0.201904181610/tools/bin/../lib/gcc/arm-none-eabi/7.3.1/thumb/v7e-m/fpv4-sp/hard/crti.o
                0x0000000008003938                _fini
 .fini          0x000000000800393c        0x8 c:/st/stm32cubeide_1.2.0/stm32cubeide/plugins/com.st.stm32cube.ide.mcu.externaltools.gnu-tools-for-stm32.7-2018-q2-update.win32_1.0.0.201904181610/tools/bin/../lib/gcc/arm-none-eabi/7.3.1/thumb/v7e-m/fpv4-sp/hard/crtn.o
                0x0000000008003944                . = ALIGN (0x4)
                0x0000000008003944                _etext = .

.vfp11_veneer   0x0000000008003944        0x0
 .vfp11_veneer  0x0000000008003944        0x0 linker stubs

.v4_bx          0x0000000008003944        0x0
 .v4_bx         0x0000000008003944        0x0 linker stubs

.iplt           0x0000000008003944        0x0
 .iplt          0x0000000008003944        0x0 c:/st/stm32cubeide_1.2.0/stm32cubeide/plugins/com.st.stm32cube.ide.mcu.externaltools.gnu-tools-for-stm32.7-2018-q2-update.win32_1.0.0.201904181610/tools/bin/../lib/gcc/arm-none-eabi/7.3.1/thumb/v7e-m/fpv4-sp/hard/crtbegin.o

.rodata         0x0000000008003944       0x70
                0x0000000008003944                . = ALIGN (0x4)
 *(.rodata)
 .rodata        0x0000000008003944       0x2b Core/Src/Keyb_4x4.o
 *fill*         0x000000000800396f        0x1 
 .rodata        0x0000000008003970       0x1a Core/Src/main.o
 *(.rodata*)
 *fill*         0x000000000800398a        0x2 
 .rodata.TastiKeyb4x4
                0x000000000800398c       0x10 Core/Src/Keyb_4x4.o
                0x000000000800398c                TastiKeyb4x4
 .rodata.AHBPrescTable
                0x000000000800399c       0x10 Core/Src/system_stm32f4xx.o
                0x000000000800399c                AHBPrescTable
 .rodata.APBPrescTable
                0x00000000080039ac        0x8 Core/Src/system_stm32f4xx.o
                0x00000000080039ac                APBPrescTable
                0x00000000080039b4                . = ALIGN (0x4)

.ARM.extab      0x00000000080039b4        0x0
                0x00000000080039b4                . = ALIGN (0x4)
 *(.ARM.extab* .gnu.linkonce.armextab.*)
                0x00000000080039b4                . = ALIGN (0x4)

.ARM            0x00000000080039b4        0x8
                0x00000000080039b4                . = ALIGN (0x4)
                0x00000000080039b4                __exidx_start = .
 *(.ARM.exidx*)
 .ARM.exidx     0x00000000080039b4        0x8 c:/st/stm32cubeide_1.2.0/stm32cubeide/plugins/com.st.stm32cube.ide.mcu.externaltools.gnu-tools-for-stm32.7-2018-q2-update.win32_1.0.0.201904181610/tools/bin/../lib/gcc/arm-none-eabi/7.3.1/thumb/v7e-m/fpv4-sp/hard\libgcc.a(_udivmoddi4.o)
                0x00000000080039bc                __exidx_end = .
                0x00000000080039bc                . = ALIGN (0x4)

.rel.dyn        0x00000000080039bc        0x0
 .rel.iplt      0x00000000080039bc        0x0 c:/st/stm32cubeide_1.2.0/stm32cubeide/plugins/com.st.stm32cube.ide.mcu.externaltools.gnu-tools-for-stm32.7-2018-q2-update.win32_1.0.0.201904181610/tools/bin/../lib/gcc/arm-none-eabi/7.3.1/thumb/v7e-m/fpv4-sp/hard/crtbegin.o

.preinit_array  0x00000000080039bc        0x0
                0x00000000080039bc                . = ALIGN (0x4)
                0x00000000080039bc                PROVIDE (__preinit_array_start = .)
 *(.preinit_array*)
                0x00000000080039bc                PROVIDE (__preinit_array_end = .)
                0x00000000080039bc                . = ALIGN (0x4)

.init_array     0x00000000080039bc        0x4
                0x00000000080039bc                . = ALIGN (0x4)
                0x00000000080039bc                PROVIDE (__init_array_start = .)
 *(SORT_BY_NAME(.init_array.*))
 *(.init_array*)
 .init_array    0x00000000080039bc        0x4 c:/st/stm32cubeide_1.2.0/stm32cubeide/plugins/com.st.stm32cube.ide.mcu.externaltools.gnu-tools-for-stm32.7-2018-q2-update.win32_1.0.0.201904181610/tools/bin/../lib/gcc/arm-none-eabi/7.3.1/thumb/v7e-m/fpv4-sp/hard/crtbegin.o
                0x00000000080039c0                PROVIDE (__init_array_end = .)
                0x00000000080039c0                . = ALIGN (0x4)

.fini_array     0x00000000080039c0        0x4
                0x00000000080039c0                . = ALIGN (0x4)
                [!provide]                        PROVIDE (__fini_array_start = .)
 *(SORT_BY_NAME(.fini_array.*))
 *(.fini_array*)
 .fini_array    0x00000000080039c0        0x4 c:/st/stm32cubeide_1.2.0/stm32cubeide/plugins/com.st.stm32cube.ide.mcu.externaltools.gnu-tools-for-stm32.7-2018-q2-update.win32_1.0.0.201904181610/tools/bin/../lib/gcc/arm-none-eabi/7.3.1/thumb/v7e-m/fpv4-sp/hard/crtbegin.o
                [!provide]                        PROVIDE (__fini_array_end = .)
                0x00000000080039c4                . = ALIGN (0x4)
                0x00000000080039c4                _sidata = LOADADDR (.data)

.data           0x0000000020000000       0x14 load address 0x00000000080039c4
                0x0000000020000000                . = ALIGN (0x4)
                0x0000000020000000                _sdata = .
 *(.data)
 *(.data*)
 .data.cursore  0x0000000020000000        0x4 Core/Src/main.o
                0x0000000020000000                cursore
 .data.strobe   0x0000000020000004        0x4 Core/Src/main.o
                0x0000000020000004                strobe
 .data.SystemCoreClock
                0x0000000020000008        0x4 Core/Src/system_stm32f4xx.o
                0x0000000020000008                SystemCoreClock
 .data.uwTickPrio
                0x000000002000000c        0x4 Drivers/STM32F4xx_HAL_Driver/Src/stm32f4xx_hal.o
                0x000000002000000c                uwTickPrio
 .data.uwTickFreq
                0x0000000020000010        0x1 Drivers/STM32F4xx_HAL_Driver/Src/stm32f4xx_hal.o
                0x0000000020000010                uwTickFreq
                0x0000000020000014                . = ALIGN (0x4)
 *fill*         0x0000000020000011        0x3 
                0x0000000020000014                _edata = .

.igot.plt       0x0000000020000014        0x0 load address 0x00000000080039d8
 .igot.plt      0x0000000020000014        0x0 c:/st/stm32cubeide_1.2.0/stm32cubeide/plugins/com.st.stm32cube.ide.mcu.externaltools.gnu-tools-for-stm32.7-2018-q2-update.win32_1.0.0.201904181610/tools/bin/../lib/gcc/arm-none-eabi/7.3.1/thumb/v7e-m/fpv4-sp/hard/crtbegin.o
                0x0000000020000014                . = ALIGN (0x4)

.bss            0x0000000020000014       0xc4 load address 0x00000000080039d8
                0x0000000020000014                _sbss = .
                0x0000000020000014                __bss_start__ = _sbss
 *(.bss)
 .bss           0x0000000020000014       0x1c c:/st/stm32cubeide_1.2.0/stm32cubeide/plugins/com.st.stm32cube.ide.mcu.externaltools.gnu-tools-for-stm32.7-2018-q2-update.win32_1.0.0.201904181610/tools/bin/../lib/gcc/arm-none-eabi/7.3.1/thumb/v7e-m/fpv4-sp/hard/crtbegin.o
 *(.bss*)
 .bss.IndiceCicloKeyb4x4
                0x0000000020000030        0x1 Core/Src/Keyb_4x4.o
                0x0000000020000030                IndiceCicloKeyb4x4
 .bss.CicloKeyb4x4Attivo
                0x0000000020000031        0x1 Core/Src/Keyb_4x4.o
                0x0000000020000031                CicloKeyb4x4Attivo
 *fill*         0x0000000020000032        0x2 
 .bss.intrusion
                0x0000000020000034        0x4 Core/Src/Keyb_4x4.o
                0x0000000020000034                intrusion
 .bss.TastoPremuto
                0x0000000020000038        0x1 Core/Src/Keyb_4x4.o
                0x0000000020000038                TastoPremuto
 .bss.nTasti.8314
                0x0000000020000039        0x1 Core/Src/Keyb_4x4.o
 .bss.TastoAttivoPrec.8313
                0x000000002000003a        0x1 Core/Src/Keyb_4x4.o
 *fill*         0x000000002000003b        0x1 
 .bss.allarme   0x000000002000003c        0x4 Core/Src/main.o
                0x000000002000003c                allarme
 *(COMMON)
 COMMON         0x0000000020000040        0x6 Core/Src/Keyb_4x4.o
                0x0000000020000040                TempoAR_Keyb4x4
                0x0000000020000042                DurataValoreBasso
                0x0000000020000044                PinAttivato
 *fill*         0x0000000020000046        0x2 
 COMMON         0x0000000020000048        0xb Core/Src/main.o
                0x0000000020000048                strobeBuffer
                0x000000002000004c                lettera
                0x0000000020000052                TempoAR_Pir
 *fill*         0x0000000020000053        0x1 
 COMMON         0x0000000020000054       0x40 Core/Src/tim.o
                0x0000000020000054                htim2
 COMMON         0x0000000020000094       0x40 Core/Src/usart.o
                0x0000000020000094                huart2
 COMMON         0x00000000200000d4        0x4 Drivers/STM32F4xx_HAL_Driver/Src/stm32f4xx_hal.o
                0x00000000200000d4                uwTick
                0x00000000200000d8                . = ALIGN (0x4)
                0x00000000200000d8                _ebss = .
                0x00000000200000d8                __bss_end__ = _ebss

._user_heap_stack
                0x00000000200000d8      0x600 load address 0x00000000080039d8
                0x00000000200000d8                . = ALIGN (0x8)
                [!provide]                        PROVIDE (end = .)
                [!provide]                        PROVIDE (_end = .)
                0x00000000200002d8                . = (. + _Min_Heap_Size)
 *fill*         0x00000000200000d8      0x200 
                0x00000000200006d8                . = (. + _Min_Stack_Size)
 *fill*         0x00000000200002d8      0x400 
                0x00000000200006d8                . = ALIGN (0x8)

/DISCARD/
 libc.a(*)
 libm.a(*)
 libgcc.a(*)

.ARM.attributes
                0x0000000000000000       0x30
 *(.ARM.attributes)
 .ARM.attributes
                0x0000000000000000       0x22 c:/st/stm32cubeide_1.2.0/stm32cubeide/plugins/com.st.stm32cube.ide.mcu.externaltools.gnu-tools-for-stm32.7-2018-q2-update.win32_1.0.0.201904181610/tools/bin/../lib/gcc/arm-none-eabi/7.3.1/thumb/v7e-m/fpv4-sp/hard/crti.o
 .ARM.attributes
                0x0000000000000022       0x34 c:/st/stm32cubeide_1.2.0/stm32cubeide/plugins/com.st.stm32cube.ide.mcu.externaltools.gnu-tools-for-stm32.7-2018-q2-update.win32_1.0.0.201904181610/tools/bin/../lib/gcc/arm-none-eabi/7.3.1/thumb/v7e-m/fpv4-sp/hard/crtbegin.o
 .ARM.attributes
                0x0000000000000056       0x39 Core/Src/Display_LCD.o
 .ARM.attributes
                0x000000000000008f       0x39 Core/Src/Keyb_4x4.o
 .ARM.attributes
                0x00000000000000c8       0x39 Core/Src/gpio.o
 .ARM.attributes
                0x0000000000000101       0x39 Core/Src/main.o
 .ARM.attributes
                0x000000000000013a       0x39 Core/Src/stm32f4xx_hal_msp.o
 .ARM.attributes
                0x0000000000000173       0x39 Core/Src/stm32f4xx_it.o
 .ARM.attributes
                0x00000000000001ac       0x39 Core/Src/system_stm32f4xx.o
 .ARM.attributes
                0x00000000000001e5       0x39 Core/Src/tim.o
 .ARM.attributes
                0x000000000000021e       0x39 Core/Src/usart.o
 .ARM.attributes
                0x0000000000000257       0x21 Core/Startup/startup_stm32f401retx.o
 .ARM.attributes
                0x0000000000000278       0x39 Drivers/STM32F4xx_HAL_Driver/Src/stm32f4xx_hal.o
 .ARM.attributes
                0x00000000000002b1       0x39 Drivers/STM32F4xx_HAL_Driver/Src/stm32f4xx_hal_cortex.o
 .ARM.attributes
                0x00000000000002ea       0x39 Drivers/STM32F4xx_HAL_Driver/Src/stm32f4xx_hal_gpio.o
 .ARM.attributes
                0x0000000000000323       0x39 Drivers/STM32F4xx_HAL_Driver/Src/stm32f4xx_hal_rcc.o
 .ARM.attributes
                0x000000000000035c       0x39 Drivers/STM32F4xx_HAL_Driver/Src/stm32f4xx_hal_tim.o
 .ARM.attributes
                0x0000000000000395       0x39 Drivers/STM32F4xx_HAL_Driver/Src/stm32f4xx_hal_tim_ex.o
 .ARM.attributes
                0x00000000000003ce       0x39 Drivers/STM32F4xx_HAL_Driver/Src/stm32f4xx_hal_uart.o
 .ARM.attributes
                0x0000000000000407       0x34 c:/st/stm32cubeide_1.2.0/stm32cubeide/plugins/com.st.stm32cube.ide.mcu.externaltools.gnu-tools-for-stm32.7-2018-q2-update.win32_1.0.0.201904181610/tools/bin/../lib/gcc/arm-none-eabi/7.3.1/../../../../arm-none-eabi/lib/thumb/v7e-m/fpv4-sp/hard\libc_nano.a(lib_a-init.o)
 .ARM.attributes
                0x000000000000043b       0x34 c:/st/stm32cubeide_1.2.0/stm32cubeide/plugins/com.st.stm32cube.ide.mcu.externaltools.gnu-tools-for-stm32.7-2018-q2-update.win32_1.0.0.201904181610/tools/bin/../lib/gcc/arm-none-eabi/7.3.1/../../../../arm-none-eabi/lib/thumb/v7e-m/fpv4-sp/hard\libc_nano.a(lib_a-memset.o)
 .ARM.attributes
                0x000000000000046f       0x20 c:/st/stm32cubeide_1.2.0/stm32cubeide/plugins/com.st.stm32cube.ide.mcu.externaltools.gnu-tools-for-stm32.7-2018-q2-update.win32_1.0.0.201904181610/tools/bin/../lib/gcc/arm-none-eabi/7.3.1/../../../../arm-none-eabi/lib/thumb/v7e-m/fpv4-sp/hard\libc_nano.a(lib_a-strcmp.o)
 .ARM.attributes
                0x000000000000048f       0x1b c:/st/stm32cubeide_1.2.0/stm32cubeide/plugins/com.st.stm32cube.ide.mcu.externaltools.gnu-tools-for-stm32.7-2018-q2-update.win32_1.0.0.201904181610/tools/bin/../lib/gcc/arm-none-eabi/7.3.1/../../../../arm-none-eabi/lib/thumb/v7e-m/fpv4-sp/hard\libc_nano.a(lib_a-strlen.o)
 .ARM.attributes
                0x00000000000004aa       0x22 c:/st/stm32cubeide_1.2.0/stm32cubeide/plugins/com.st.stm32cube.ide.mcu.externaltools.gnu-tools-for-stm32.7-2018-q2-update.win32_1.0.0.201904181610/tools/bin/../lib/gcc/arm-none-eabi/7.3.1/thumb/v7e-m/fpv4-sp/hard\libgcc.a(_aeabi_uldivmod.o)
 .ARM.attributes
                0x00000000000004cc       0x34 c:/st/stm32cubeide_1.2.0/stm32cubeide/plugins/com.st.stm32cube.ide.mcu.externaltools.gnu-tools-for-stm32.7-2018-q2-update.win32_1.0.0.201904181610/tools/bin/../lib/gcc/arm-none-eabi/7.3.1/thumb/v7e-m/fpv4-sp/hard\libgcc.a(_udivmoddi4.o)
 .ARM.attributes
                0x0000000000000500       0x22 c:/st/stm32cubeide_1.2.0/stm32cubeide/plugins/com.st.stm32cube.ide.mcu.externaltools.gnu-tools-for-stm32.7-2018-q2-update.win32_1.0.0.201904181610/tools/bin/../lib/gcc/arm-none-eabi/7.3.1/thumb/v7e-m/fpv4-sp/hard\libgcc.a(_dvmd_tls.o)
 .ARM.attributes
                0x0000000000000522       0x22 c:/st/stm32cubeide_1.2.0/stm32cubeide/plugins/com.st.stm32cube.ide.mcu.externaltools.gnu-tools-for-stm32.7-2018-q2-update.win32_1.0.0.201904181610/tools/bin/../lib/gcc/arm-none-eabi/7.3.1/thumb/v7e-m/fpv4-sp/hard/crtn.o
OUTPUT(Allarme_Antifurto.elf elf32-littlearm)

.debug_info     0x0000000000000000     0xce5c
 .debug_info    0x0000000000000000      0xc86 Core/Src/Display_LCD.o
 .debug_info    0x0000000000000c86     0x12c8 Core/Src/Keyb_4x4.o
 .debug_info    0x0000000000001f4e      0x680 Core/Src/gpio.o
 .debug_info    0x00000000000025ce     0x1669 Core/Src/main.o
 .debug_info    0x0000000000003c37      0x38c Core/Src/stm32f4xx_hal_msp.o
 .debug_info    0x0000000000003fc3      0x4df Core/Src/stm32f4xx_it.o
 .debug_info    0x00000000000044a2      0x57e Core/Src/system_stm32f4xx.o
 .debug_info    0x0000000000004a20      0xb0b Core/Src/tim.o
 .debug_info    0x000000000000552b      0x96c Core/Src/usart.o
 .debug_info    0x0000000000005e97       0x22 Core/Startup/startup_stm32f401retx.o
 .debug_info    0x0000000000005eb9      0x8d3 Drivers/STM32F4xx_HAL_Driver/Src/stm32f4xx_hal.o
 .debug_info    0x000000000000678c      0xd92 Drivers/STM32F4xx_HAL_Driver/Src/stm32f4xx_hal_cortex.o
 .debug_info    0x000000000000751e      0x7dc Drivers/STM32F4xx_HAL_Driver/Src/stm32f4xx_hal_gpio.o
 .debug_info    0x0000000000007cfa      0x92e Drivers/STM32F4xx_HAL_Driver/Src/stm32f4xx_hal_rcc.o
 .debug_info    0x0000000000008628     0x24a1 Drivers/STM32F4xx_HAL_Driver/Src/stm32f4xx_hal_tim.o
 .debug_info    0x000000000000aac9     0x114f Drivers/STM32F4xx_HAL_Driver/Src/stm32f4xx_hal_tim_ex.o
 .debug_info    0x000000000000bc18     0x1244 Drivers/STM32F4xx_HAL_Driver/Src/stm32f4xx_hal_uart.o

.debug_abbrev   0x0000000000000000     0x1e29
 .debug_abbrev  0x0000000000000000      0x1f8 Core/Src/Display_LCD.o
 .debug_abbrev  0x00000000000001f8      0x22a Core/Src/Keyb_4x4.o
 .debug_abbrev  0x0000000000000422      0x13d Core/Src/gpio.o
 .debug_abbrev  0x000000000000055f      0x233 Core/Src/main.o
 .debug_abbrev  0x0000000000000792      0x109 Core/Src/stm32f4xx_hal_msp.o
 .debug_abbrev  0x000000000000089b      0x148 Core/Src/stm32f4xx_it.o
 .debug_abbrev  0x00000000000009e3      0x12b Core/Src/system_stm32f4xx.o
 .debug_abbrev  0x0000000000000b0e      0x1b9 Core/Src/tim.o
 .debug_abbrev  0x0000000000000cc7      0x199 Core/Src/usart.o
 .debug_abbrev  0x0000000000000e60       0x12 Core/Startup/startup_stm32f401retx.o
 .debug_abbrev  0x0000000000000e72      0x1f2 Drivers/STM32F4xx_HAL_Driver/Src/stm32f4xx_hal.o
 .debug_abbrev  0x0000000000001064      0x2fa Drivers/STM32F4xx_HAL_Driver/Src/stm32f4xx_hal_cortex.o
 .debug_abbrev  0x000000000000135e      0x1c9 Drivers/STM32F4xx_HAL_Driver/Src/stm32f4xx_hal_gpio.o
 .debug_abbrev  0x0000000000001527      0x245 Drivers/STM32F4xx_HAL_Driver/Src/stm32f4xx_hal_rcc.o
 .debug_abbrev  0x000000000000176c      0x23f Drivers/STM32F4xx_HAL_Driver/Src/stm32f4xx_hal_tim.o
 .debug_abbrev  0x00000000000019ab      0x22d Drivers/STM32F4xx_HAL_Driver/Src/stm32f4xx_hal_tim_ex.o
 .debug_abbrev  0x0000000000001bd8      0x251 Drivers/STM32F4xx_HAL_Driver/Src/stm32f4xx_hal_uart.o

.debug_aranges  0x0000000000000000      0xc40
 .debug_aranges
                0x0000000000000000       0x88 Core/Src/Display_LCD.o
 .debug_aranges
                0x0000000000000088       0x60 Core/Src/Keyb_4x4.o
 .debug_aranges
                0x00000000000000e8       0x20 Core/Src/gpio.o
 .debug_aranges
                0x0000000000000108       0x30 Core/Src/main.o
 .debug_aranges
                0x0000000000000138       0x20 Core/Src/stm32f4xx_hal_msp.o
 .debug_aranges
                0x0000000000000158       0x80 Core/Src/stm32f4xx_it.o
 .debug_aranges
                0x00000000000001d8       0x28 Core/Src/system_stm32f4xx.o
 .debug_aranges
                0x0000000000000200       0x38 Core/Src/tim.o
 .debug_aranges
                0x0000000000000238       0x30 Core/Src/usart.o
 .debug_aranges
                0x0000000000000268       0x28 Core/Startup/startup_stm32f401retx.o
 .debug_aranges
                0x0000000000000290       0xf0 Drivers/STM32F4xx_HAL_Driver/Src/stm32f4xx_hal.o
 .debug_aranges
                0x0000000000000380      0x118 Drivers/STM32F4xx_HAL_Driver/Src/stm32f4xx_hal_cortex.o
 .debug_aranges
                0x0000000000000498       0x58 Drivers/STM32F4xx_HAL_Driver/Src/stm32f4xx_hal_gpio.o
 .debug_aranges
                0x00000000000004f0       0x88 Drivers/STM32F4xx_HAL_Driver/Src/stm32f4xx_hal_rcc.o
 .debug_aranges
                0x0000000000000578      0x3a8 Drivers/STM32F4xx_HAL_Driver/Src/stm32f4xx_hal_tim.o
 .debug_aranges
                0x0000000000000920      0x150 Drivers/STM32F4xx_HAL_Driver/Src/stm32f4xx_hal_tim_ex.o
 .debug_aranges
                0x0000000000000a70      0x1d0 Drivers/STM32F4xx_HAL_Driver/Src/stm32f4xx_hal_uart.o

.debug_ranges   0x0000000000000000      0xb38
 .debug_ranges  0x0000000000000000       0x78 Core/Src/Display_LCD.o
 .debug_ranges  0x0000000000000078       0x50 Core/Src/Keyb_4x4.o
 .debug_ranges  0x00000000000000c8       0x10 Core/Src/gpio.o
 .debug_ranges  0x00000000000000d8       0x20 Core/Src/main.o
 .debug_ranges  0x00000000000000f8       0x10 Core/Src/stm32f4xx_hal_msp.o
 .debug_ranges  0x0000000000000108       0x70 Core/Src/stm32f4xx_it.o
 .debug_ranges  0x0000000000000178       0x18 Core/Src/system_stm32f4xx.o
 .debug_ranges  0x0000000000000190       0x28 Core/Src/tim.o
 .debug_ranges  0x00000000000001b8       0x20 Core/Src/usart.o
 .debug_ranges  0x00000000000001d8       0x20 Core/Startup/startup_stm32f401retx.o
 .debug_ranges  0x00000000000001f8       0xe0 Drivers/STM32F4xx_HAL_Driver/Src/stm32f4xx_hal.o
 .debug_ranges  0x00000000000002d8      0x108 Drivers/STM32F4xx_HAL_Driver/Src/stm32f4xx_hal_cortex.o
 .debug_ranges  0x00000000000003e0       0x48 Drivers/STM32F4xx_HAL_Driver/Src/stm32f4xx_hal_gpio.o
 .debug_ranges  0x0000000000000428       0x78 Drivers/STM32F4xx_HAL_Driver/Src/stm32f4xx_hal_rcc.o
 .debug_ranges  0x00000000000004a0      0x398 Drivers/STM32F4xx_HAL_Driver/Src/stm32f4xx_hal_tim.o
 .debug_ranges  0x0000000000000838      0x140 Drivers/STM32F4xx_HAL_Driver/Src/stm32f4xx_hal_tim_ex.o
 .debug_ranges  0x0000000000000978      0x1c0 Drivers/STM32F4xx_HAL_Driver/Src/stm32f4xx_hal_uart.o

.debug_macro    0x0000000000000000    0x16f09
 .debug_macro   0x0000000000000000      0x299 Core/Src/Display_LCD.o
 .debug_macro   0x0000000000000299      0xa5a Core/Src/Display_LCD.o
 .debug_macro   0x0000000000000cf3       0x18 Core/Src/Display_LCD.o
 .debug_macro   0x0000000000000d0b       0x22 Core/Src/Display_LCD.o
 .debug_macro   0x0000000000000d2d       0x40 Core/Src/Display_LCD.o
 .debug_macro   0x0000000000000d6d       0x94 Core/Src/Display_LCD.o
 .debug_macro   0x0000000000000e01       0x3c Core/Src/Display_LCD.o
 .debug_macro   0x0000000000000e3d       0x34 Core/Src/Display_LCD.o
 .debug_macro   0x0000000000000e71       0x16 Core/Src/Display_LCD.o
 .debug_macro   0x0000000000000e87      0x10e Core/Src/Display_LCD.o
 .debug_macro   0x0000000000000f95       0x8d Core/Src/Display_LCD.o
 .debug_macro   0x0000000000001022       0x57 Core/Src/Display_LCD.o
 .debug_macro   0x0000000000001079       0x52 Core/Src/Display_LCD.o
 .debug_macro   0x00000000000010cb       0x1f Core/Src/Display_LCD.o
 .debug_macro   0x00000000000010ea       0x43 Core/Src/Display_LCD.o
 .debug_macro   0x000000000000112d       0x20 Core/Src/Display_LCD.o
 .debug_macro   0x000000000000114d      0x1a3 Core/Src/Display_LCD.o
 .debug_macro   0x00000000000012f0      0x330 Core/Src/Display_LCD.o
 .debug_macro   0x0000000000001620       0x16 Core/Src/Display_LCD.o
 .debug_macro   0x0000000000001636       0x29 Core/Src/Display_LCD.o
 .debug_macro   0x000000000000165f      0x18a Core/Src/Display_LCD.o
 .debug_macro   0x00000000000017e9       0x32 Core/Src/Display_LCD.o
 .debug_macro   0x000000000000181b       0x28 Core/Src/Display_LCD.o
 .debug_macro   0x0000000000001843       0xef Core/Src/Display_LCD.o
 .debug_macro   0x0000000000001932       0x6a Core/Src/Display_LCD.o
 .debug_macro   0x000000000000199c      0x1df Core/Src/Display_LCD.o
 .debug_macro   0x0000000000001b7b       0x1c Core/Src/Display_LCD.o
 .debug_macro   0x0000000000001b97       0x22 Core/Src/Display_LCD.o
 .debug_macro   0x0000000000001bb9       0xd9 Core/Src/Display_LCD.o
 .debug_macro   0x0000000000001c92     0x102d Core/Src/Display_LCD.o
 .debug_macro   0x0000000000002cbf      0x11f Core/Src/Display_LCD.o
 .debug_macro   0x0000000000002dde     0xb850 Core/Src/Display_LCD.o
 .debug_macro   0x000000000000e62e       0x43 Core/Src/Display_LCD.o
 .debug_macro   0x000000000000e671     0x3652 Core/Src/Display_LCD.o
 .debug_macro   0x0000000000011cc3       0x54 Core/Src/Display_LCD.o
 .debug_macro   0x0000000000011d17      0x416 Core/Src/Display_LCD.o
 .debug_macro   0x000000000001212d      0x9fe Core/Src/Display_LCD.o
 .debug_macro   0x0000000000012b2b      0x15f Core/Src/Display_LCD.o
 .debug_macro   0x0000000000012c8a      0x117 Core/Src/Display_LCD.o
 .debug_macro   0x0000000000012da1       0xf8 Core/Src/Display_LCD.o
 .debug_macro   0x0000000000012e99       0x27 Core/Src/Display_LCD.o
 .debug_macro   0x0000000000012ec0      0x287 Core/Src/Display_LCD.o
 .debug_macro   0x0000000000013147       0x5f Core/Src/Display_LCD.o
 .debug_macro   0x00000000000131a6      0x236 Core/Src/Display_LCD.o
 .debug_macro   0x00000000000133dc      0x132 Core/Src/Display_LCD.o
 .debug_macro   0x000000000001350e      0x264 Core/Src/Display_LCD.o
 .debug_macro   0x0000000000013772       0x2e Core/Src/Display_LCD.o
 .debug_macro   0x00000000000137a0      0x11a Core/Src/Display_LCD.o
 .debug_macro   0x00000000000138ba       0x85 Core/Src/Display_LCD.o
 .debug_macro   0x000000000001393f       0x89 Core/Src/Display_LCD.o
 .debug_macro   0x00000000000139c8      0x8a0 Core/Src/Display_LCD.o
 .debug_macro   0x0000000000014268       0x47 Core/Src/Display_LCD.o
 .debug_macro   0x00000000000142af      0x287 Core/Src/Display_LCD.o
 .debug_macro   0x0000000000014536      0x126 Core/Src/Display_LCD.o
 .debug_macro   0x000000000001465c       0x40 Core/Src/Display_LCD.o
 .debug_macro   0x000000000001469c      0x15a Core/Src/Display_LCD.o
 .debug_macro   0x00000000000147f6      0x2b8 Core/Src/Keyb_4x4.o
 .debug_macro   0x0000000000014aae       0x8e Core/Src/Keyb_4x4.o
 .debug_macro   0x0000000000014b3c       0x51 Core/Src/Keyb_4x4.o
 .debug_macro   0x0000000000014b8d       0xdf Core/Src/Keyb_4x4.o
 .debug_macro   0x0000000000014c6c      0x174 Core/Src/Keyb_4x4.o
 .debug_macro   0x0000000000014de0       0x5a Core/Src/Keyb_4x4.o
 .debug_macro   0x0000000000014e3a       0x22 Core/Src/Keyb_4x4.o
 .debug_macro   0x0000000000014e5c       0x46 Core/Src/Keyb_4x4.o
 .debug_macro   0x0000000000014ea2      0x32a Core/Src/Keyb_4x4.o
 .debug_macro   0x00000000000151cc       0x10 Core/Src/Keyb_4x4.o
 .debug_macro   0x00000000000151dc       0x35 Core/Src/Keyb_4x4.o
 .debug_macro   0x0000000000015211       0x20 Core/Src/Keyb_4x4.o
 .debug_macro   0x0000000000015231      0x1e7 Core/Src/gpio.o
 .debug_macro   0x0000000000015418      0x154 Core/Src/gpio.o
 .debug_macro   0x000000000001556c      0x2d0 Core/Src/main.o
 .debug_macro   0x000000000001583c      0x1dd Core/Src/stm32f4xx_hal_msp.o
 .debug_macro   0x0000000000015a19      0x1f0 Core/Src/stm32f4xx_it.o
 .debug_macro   0x0000000000015c09      0x1d4 Core/Src/system_stm32f4xx.o
 .debug_macro   0x0000000000015ddd      0x1e7 Core/Src/tim.o
 .debug_macro   0x0000000000015fc4      0x1e7 Core/Src/usart.o
 .debug_macro   0x00000000000161ab      0x22e Drivers/STM32F4xx_HAL_Driver/Src/stm32f4xx_hal.o
 .debug_macro   0x00000000000163d9      0x1ce Drivers/STM32F4xx_HAL_Driver/Src/stm32f4xx_hal_cortex.o
 .debug_macro   0x00000000000165a7      0x204 Drivers/STM32F4xx_HAL_Driver/Src/stm32f4xx_hal_gpio.o
 .debug_macro   0x00000000000167ab      0x1f2 Drivers/STM32F4xx_HAL_Driver/Src/stm32f4xx_hal_rcc.o
 .debug_macro   0x000000000001699d      0x1cf Drivers/STM32F4xx_HAL_Driver/Src/stm32f4xx_hal_tim.o
 .debug_macro   0x0000000000016b6c      0x1ce Drivers/STM32F4xx_HAL_Driver/Src/stm32f4xx_hal_tim_ex.o
 .debug_macro   0x0000000000016d3a      0x1cf Drivers/STM32F4xx_HAL_Driver/Src/stm32f4xx_hal_uart.o

.debug_line     0x0000000000000000     0x9ea3
 .debug_line    0x0000000000000000      0x955 Core/Src/Display_LCD.o
 .debug_line    0x0000000000000955      0x947 Core/Src/Keyb_4x4.o
 .debug_line    0x000000000000129c      0x6ef Core/Src/gpio.o
 .debug_line    0x000000000000198b      0x8a1 Core/Src/main.o
 .debug_line    0x000000000000222c      0x6c2 Core/Src/stm32f4xx_hal_msp.o
 .debug_line    0x00000000000028ee      0x7eb Core/Src/stm32f4xx_it.o
 .debug_line    0x00000000000030d9      0x6dc Core/Src/system_stm32f4xx.o
 .debug_line    0x00000000000037b5      0x714 Core/Src/tim.o
 .debug_line    0x0000000000003ec9      0x6f5 Core/Src/usart.o
 .debug_line    0x00000000000045be       0x86 Core/Startup/startup_stm32f401retx.o
 .debug_line    0x0000000000004644      0x8c6 Drivers/STM32F4xx_HAL_Driver/Src/stm32f4xx_hal.o
 .debug_line    0x0000000000004f0a      0x9ea Drivers/STM32F4xx_HAL_Driver/Src/stm32f4xx_hal_cortex.o
 .debug_line    0x00000000000058f4      0x869 Drivers/STM32F4xx_HAL_Driver/Src/stm32f4xx_hal_gpio.o
 .debug_line    0x000000000000615d      0x91e Drivers/STM32F4xx_HAL_Driver/Src/stm32f4xx_hal_rcc.o
 .debug_line    0x0000000000006a7b     0x1783 Drivers/STM32F4xx_HAL_Driver/Src/stm32f4xx_hal_tim.o
 .debug_line    0x00000000000081fe      0xcd1 Drivers/STM32F4xx_HAL_Driver/Src/stm32f4xx_hal_tim_ex.o
 .debug_line    0x0000000000008ecf      0xfd4 Drivers/STM32F4xx_HAL_Driver/Src/stm32f4xx_hal_uart.o

.debug_str      0x0000000000000000    0x8ae6a
 .debug_str     0x0000000000000000    0x87867 Core/Src/Display_LCD.o
                                      0x87b68 (size before relaxing)
 .debug_str     0x0000000000087867      0x98b Core/Src/Keyb_4x4.o
                                      0x883be (size before relaxing)
 .debug_str     0x00000000000881f2      0x170 Core/Src/gpio.o
                                      0x84ed3 (size before relaxing)
 .debug_str     0x0000000000088362      0x323 Core/Src/main.o
                                      0x886fe (size before relaxing)
 .debug_str     0x0000000000088685       0x2c Core/Src/stm32f4xx_hal_msp.o
                                      0x84aac (size before relaxing)
 .debug_str     0x00000000000886b1      0x10d Core/Src/stm32f4xx_it.o
                                      0x84ef2 (size before relaxing)
 .debug_str     0x00000000000887be       0xc4 Core/Src/system_stm32f4xx.o
                                      0x8466c (size before relaxing)
 .debug_str     0x0000000000088882      0x17a Core/Src/tim.o
                                      0x850d6 (size before relaxing)
 .debug_str     0x00000000000889fc       0x57 Core/Src/usart.o
                                      0x84f87 (size before relaxing)
 .debug_str     0x0000000000088a53       0x36 Core/Startup/startup_stm32f401retx.o
                                         0x67 (size before relaxing)
 .debug_str     0x0000000000088a89      0x58d Drivers/STM32F4xx_HAL_Driver/Src/stm32f4xx_hal.o
                                      0x84fd7 (size before relaxing)
 .debug_str     0x0000000000089016      0x399 Drivers/STM32F4xx_HAL_Driver/Src/stm32f4xx_hal_cortex.o
                                      0x84db4 (size before relaxing)
 .debug_str     0x00000000000893af      0x1ec Drivers/STM32F4xx_HAL_Driver/Src/stm32f4xx_hal_gpio.o
                                      0x848ab (size before relaxing)
 .debug_str     0x000000000008959b      0x259 Drivers/STM32F4xx_HAL_Driver/Src/stm32f4xx_hal_rcc.o
                                      0x84a59 (size before relaxing)
 .debug_str     0x00000000000897f4      0xcb8 Drivers/STM32F4xx_HAL_Driver/Src/stm32f4xx_hal_tim.o
                                      0x85766 (size before relaxing)
 .debug_str     0x000000000008a4ac      0x4a2 Drivers/STM32F4xx_HAL_Driver/Src/stm32f4xx_hal_tim_ex.o
                                      0x84f66 (size before relaxing)
 .debug_str     0x000000000008a94e      0x51c Drivers/STM32F4xx_HAL_Driver/Src/stm32f4xx_hal_uart.o
                                      0x84ea6 (size before relaxing)

.comment        0x0000000000000000       0x7b
 .comment       0x0000000000000000       0x7b Core/Src/Display_LCD.o
                                         0x7c (size before relaxing)
 .comment       0x000000000000007b       0x7c Core/Src/Keyb_4x4.o
 .comment       0x000000000000007b       0x7c Core/Src/gpio.o
 .comment       0x000000000000007b       0x7c Core/Src/main.o
 .comment       0x000000000000007b       0x7c Core/Src/stm32f4xx_hal_msp.o
 .comment       0x000000000000007b       0x7c Core/Src/stm32f4xx_it.o
 .comment       0x000000000000007b       0x7c Core/Src/system_stm32f4xx.o
 .comment       0x000000000000007b       0x7c Core/Src/tim.o
 .comment       0x000000000000007b       0x7c Core/Src/usart.o
 .comment       0x000000000000007b       0x7c Drivers/STM32F4xx_HAL_Driver/Src/stm32f4xx_hal.o
 .comment       0x000000000000007b       0x7c Drivers/STM32F4xx_HAL_Driver/Src/stm32f4xx_hal_cortex.o
 .comment       0x000000000000007b       0x7c Drivers/STM32F4xx_HAL_Driver/Src/stm32f4xx_hal_gpio.o
 .comment       0x000000000000007b       0x7c Drivers/STM32F4xx_HAL_Driver/Src/stm32f4xx_hal_rcc.o
 .comment       0x000000000000007b       0x7c Drivers/STM32F4xx_HAL_Driver/Src/stm32f4xx_hal_tim.o
 .comment       0x000000000000007b       0x7c Drivers/STM32F4xx_HAL_Driver/Src/stm32f4xx_hal_tim_ex.o
 .comment       0x000000000000007b       0x7c Drivers/STM32F4xx_HAL_Driver/Src/stm32f4xx_hal_uart.o

.debug_frame    0x0000000000000000     0x31e8
 .debug_frame   0x0000000000000000      0x1e8 Core/Src/Display_LCD.o
 .debug_frame   0x00000000000001e8      0x12c Core/Src/Keyb_4x4.o
 .debug_frame   0x0000000000000314       0x34 Core/Src/gpio.o
 .debug_frame   0x0000000000000348       0x74 Core/Src/main.o
 .debug_frame   0x00000000000003bc       0x34 Core/Src/stm32f4xx_hal_msp.o
 .debug_frame   0x00000000000003f0      0x184 Core/Src/stm32f4xx_it.o
 .debug_frame   0x0000000000000574       0x58 Core/Src/system_stm32f4xx.o
 .debug_frame   0x00000000000005cc       0xa8 Core/Src/tim.o
 .debug_frame   0x0000000000000674       0x74 Core/Src/usart.o
 .debug_frame   0x00000000000006e8      0x374 Drivers/STM32F4xx_HAL_Driver/Src/stm32f4xx_hal.o
 .debug_frame   0x0000000000000a5c      0x498 Drivers/STM32F4xx_HAL_Driver/Src/stm32f4xx_hal_cortex.o
 .debug_frame   0x0000000000000ef4      0x14c Drivers/STM32F4xx_HAL_Driver/Src/stm32f4xx_hal_gpio.o
 .debug_frame   0x0000000000001040      0x1f0 Drivers/STM32F4xx_HAL_Driver/Src/stm32f4xx_hal_rcc.o
 .debug_frame   0x0000000000001230     0x10e8 Drivers/STM32F4xx_HAL_Driver/Src/stm32f4xx_hal_tim.o
 .debug_frame   0x0000000000002318      0x5c0 Drivers/STM32F4xx_HAL_Driver/Src/stm32f4xx_hal_tim_ex.o
 .debug_frame   0x00000000000028d8      0x844 Drivers/STM32F4xx_HAL_Driver/Src/stm32f4xx_hal_uart.o
 .debug_frame   0x000000000000311c       0x2c c:/st/stm32cubeide_1.2.0/stm32cubeide/plugins/com.st.stm32cube.ide.mcu.externaltools.gnu-tools-for-stm32.7-2018-q2-update.win32_1.0.0.201904181610/tools/bin/../lib/gcc/arm-none-eabi/7.3.1/../../../../arm-none-eabi/lib/thumb/v7e-m/fpv4-sp/hard\libc_nano.a(lib_a-init.o)
 .debug_frame   0x0000000000003148       0x20 c:/st/stm32cubeide_1.2.0/stm32cubeide/plugins/com.st.stm32cube.ide.mcu.externaltools.gnu-tools-for-stm32.7-2018-q2-update.win32_1.0.0.201904181610/tools/bin/../lib/gcc/arm-none-eabi/7.3.1/../../../../arm-none-eabi/lib/thumb/v7e-m/fpv4-sp/hard\libc_nano.a(lib_a-memset.o)
 .debug_frame   0x0000000000003168       0x20 c:/st/stm32cubeide_1.2.0/stm32cubeide/plugins/com.st.stm32cube.ide.mcu.externaltools.gnu-tools-for-stm32.7-2018-q2-update.win32_1.0.0.201904181610/tools/bin/../lib/gcc/arm-none-eabi/7.3.1/../../../../arm-none-eabi/lib/thumb/v7e-m/fpv4-sp/hard\libc_nano.a(lib_a-strcmp.o)
 .debug_frame   0x0000000000003188       0x2c c:/st/stm32cubeide_1.2.0/stm32cubeide/plugins/com.st.stm32cube.ide.mcu.externaltools.gnu-tools-for-stm32.7-2018-q2-update.win32_1.0.0.201904181610/tools/bin/../lib/gcc/arm-none-eabi/7.3.1/thumb/v7e-m/fpv4-sp/hard\libgcc.a(_aeabi_uldivmod.o)
 .debug_frame   0x00000000000031b4       0x34 c:/st/stm32cubeide_1.2.0/stm32cubeide/plugins/com.st.stm32cube.ide.mcu.externaltools.gnu-tools-for-stm32.7-2018-q2-update.win32_1.0.0.201904181610/tools/bin/../lib/gcc/arm-none-eabi/7.3.1/thumb/v7e-m/fpv4-sp/hard\libgcc.a(_udivmoddi4.o)
