Archive member included to satisfy reference by file (symbol)

c:/st/stm32cubeide_1.2.0/stm32cubeide/plugins/com.st.stm32cube.ide.mcu.externaltools.gnu-tools-for-stm32.7-2018-q2-update.win32_1.0.0.201904181610/tools/bin/../lib/gcc/arm-none-eabi/7.3.1/../../../../arm-none-eabi/lib/thumb/v7e-m/fpv4-sp/hard\libc_nano.a(lib_a-exit.o)
                              c:/st/stm32cubeide_1.2.0/stm32cubeide/plugins/com.st.stm32cube.ide.mcu.externaltools.gnu-tools-for-stm32.7-2018-q2-update.win32_1.0.0.201904181610/tools/bin/../lib/gcc/arm-none-eabi/7.3.1/../../../../arm-none-eabi/lib/thumb/v7e-m/fpv4-sp/hard/crt0.o (exit)
c:/st/stm32cubeide_1.2.0/stm32cubeide/plugins/com.st.stm32cube.ide.mcu.externaltools.gnu-tools-for-stm32.7-2018-q2-update.win32_1.0.0.201904181610/tools/bin/../lib/gcc/arm-none-eabi/7.3.1/../../../../arm-none-eabi/lib/thumb/v7e-m/fpv4-sp/hard\libc_nano.a(lib_a-impure.o)
                              c:/st/stm32cubeide_1.2.0/stm32cubeide/plugins/com.st.stm32cube.ide.mcu.externaltools.gnu-tools-for-stm32.7-2018-q2-update.win32_1.0.0.201904181610/tools/bin/../lib/gcc/arm-none-eabi/7.3.1/../../../../arm-none-eabi/lib/thumb/v7e-m/fpv4-sp/hard\libc_nano.a(lib_a-exit.o) (_global_impure_ptr)
c:/st/stm32cubeide_1.2.0/stm32cubeide/plugins/com.st.stm32cube.ide.mcu.externaltools.gnu-tools-for-stm32.7-2018-q2-update.win32_1.0.0.201904181610/tools/bin/../lib/gcc/arm-none-eabi/7.3.1/../../../../arm-none-eabi/lib/thumb/v7e-m/fpv4-sp/hard\libc_nano.a(lib_a-init.o)
                              c:/st/stm32cubeide_1.2.0/stm32cubeide/plugins/com.st.stm32cube.ide.mcu.externaltools.gnu-tools-for-stm32.7-2018-q2-update.win32_1.0.0.201904181610/tools/bin/../lib/gcc/arm-none-eabi/7.3.1/../../../../arm-none-eabi/lib/thumb/v7e-m/fpv4-sp/hard/crt0.o (__libc_init_array)
c:/st/stm32cubeide_1.2.0/stm32cubeide/plugins/com.st.stm32cube.ide.mcu.externaltools.gnu-tools-for-stm32.7-2018-q2-update.win32_1.0.0.201904181610/tools/bin/../lib/gcc/arm-none-eabi/7.3.1/../../../../arm-none-eabi/lib/thumb/v7e-m/fpv4-sp/hard\libc_nano.a(lib_a-itoa.o)
                              Core/Src/Display_LCD.o (itoa)
c:/st/stm32cubeide_1.2.0/stm32cubeide/plugins/com.st.stm32cube.ide.mcu.externaltools.gnu-tools-for-stm32.7-2018-q2-update.win32_1.0.0.201904181610/tools/bin/../lib/gcc/arm-none-eabi/7.3.1/../../../../arm-none-eabi/lib/thumb/v7e-m/fpv4-sp/hard\libc_nano.a(lib_a-memset.o)
                              c:/st/stm32cubeide_1.2.0/stm32cubeide/plugins/com.st.stm32cube.ide.mcu.externaltools.gnu-tools-for-stm32.7-2018-q2-update.win32_1.0.0.201904181610/tools/bin/../lib/gcc/arm-none-eabi/7.3.1/../../../../arm-none-eabi/lib/thumb/v7e-m/fpv4-sp/hard/crt0.o (memset)
c:/st/stm32cubeide_1.2.0/stm32cubeide/plugins/com.st.stm32cube.ide.mcu.externaltools.gnu-tools-for-stm32.7-2018-q2-update.win32_1.0.0.201904181610/tools/bin/../lib/gcc/arm-none-eabi/7.3.1/../../../../arm-none-eabi/lib/thumb/v7e-m/fpv4-sp/hard\libc_nano.a(lib_a-strcmp.o)
                              Core/Src/Alarm.o (strcmp)
c:/st/stm32cubeide_1.2.0/stm32cubeide/plugins/com.st.stm32cube.ide.mcu.externaltools.gnu-tools-for-stm32.7-2018-q2-update.win32_1.0.0.201904181610/tools/bin/../lib/gcc/arm-none-eabi/7.3.1/../../../../arm-none-eabi/lib/thumb/v7e-m/fpv4-sp/hard\libc_nano.a(lib_a-strlen.o)
                              Core/Src/Alarm.o (strlen)
c:/st/stm32cubeide_1.2.0/stm32cubeide/plugins/com.st.stm32cube.ide.mcu.externaltools.gnu-tools-for-stm32.7-2018-q2-update.win32_1.0.0.201904181610/tools/bin/../lib/gcc/arm-none-eabi/7.3.1/../../../../arm-none-eabi/lib/thumb/v7e-m/fpv4-sp/hard\libc_nano.a(lib_a-utoa.o)
                              c:/st/stm32cubeide_1.2.0/stm32cubeide/plugins/com.st.stm32cube.ide.mcu.externaltools.gnu-tools-for-stm32.7-2018-q2-update.win32_1.0.0.201904181610/tools/bin/../lib/gcc/arm-none-eabi/7.3.1/../../../../arm-none-eabi/lib/thumb/v7e-m/fpv4-sp/hard\libc_nano.a(lib_a-itoa.o) (__utoa)
c:/st/stm32cubeide_1.2.0/stm32cubeide/plugins/com.st.stm32cube.ide.mcu.externaltools.gnu-tools-for-stm32.7-2018-q2-update.win32_1.0.0.201904181610/tools/bin/../lib/gcc/arm-none-eabi/7.3.1/thumb/v7e-m/fpv4-sp/hard\libgcc.a(_aeabi_uldivmod.o)
                              Drivers/STM32F4xx_HAL_Driver/Src/stm32f4xx_hal_rcc.o (__aeabi_uldivmod)
c:/st/stm32cubeide_1.2.0/stm32cubeide/plugins/com.st.stm32cube.ide.mcu.externaltools.gnu-tools-for-stm32.7-2018-q2-update.win32_1.0.0.201904181610/tools/bin/../lib/gcc/arm-none-eabi/7.3.1/thumb/v7e-m/fpv4-sp/hard\libgcc.a(_udivmoddi4.o)
                              c:/st/stm32cubeide_1.2.0/stm32cubeide/plugins/com.st.stm32cube.ide.mcu.externaltools.gnu-tools-for-stm32.7-2018-q2-update.win32_1.0.0.201904181610/tools/bin/../lib/gcc/arm-none-eabi/7.3.1/thumb/v7e-m/fpv4-sp/hard\libgcc.a(_aeabi_uldivmod.o) (__udivmoddi4)
c:/st/stm32cubeide_1.2.0/stm32cubeide/plugins/com.st.stm32cube.ide.mcu.externaltools.gnu-tools-for-stm32.7-2018-q2-update.win32_1.0.0.201904181610/tools/bin/../lib/gcc/arm-none-eabi/7.3.1/thumb/v7e-m/fpv4-sp/hard\libgcc.a(_dvmd_tls.o)
[...]
Memory Configuration

Name             Origin             Length             Attributes
RAM              0x0000000020000000 0x0000000000018000 xrw
FLASH            0x0000000008000000 0x0000000000080000 xr
*default*        0x0000000000000000 0xffffffffffffffff

Linker script and memory map

LOAD c:/st/stm32cubeide_1.2.0/stm32cubeide/plugins/com.st.stm32cube.ide.mcu.externaltools.gnu-tools-for-stm32.7-2018-q2-update.win32_1.0.0.201904181610/tools/bin/../lib/gcc/arm-none-eabi/7.3.1/thumb/v7e-m/fpv4-sp/hard/crti.o
LOAD c:/st/stm32cubeide_1.2.0/stm32cubeide/plugins/com.st.stm32cube.ide.mcu.externaltools.gnu-tools-for-stm32.7-2018-q2-update.win32_1.0.0.201904181610/tools/bin/../lib/gcc/arm-none-eabi/7.3.1/thumb/v7e-m/fpv4-sp/hard/crtbegin.o
LOAD c:/st/stm32cubeide_1.2.0/stm32cubeide/plugins/com.st.stm32cube.ide.mcu.externaltools.gnu-tools-for-stm32.7-2018-q2-update.win32_1.0.0.201904181610/tools/bin/../lib/gcc/arm-none-eabi/7.3.1/../../../../arm-none-eabi/lib/thumb/v7e-m/fpv4-sp/hard/crt0.o
LOAD Core/Src/Alarm.o
LOAD Core/Src/Display_LCD.o
LOAD Core/Src/Keyb_4x4.o
LOAD Core/Src/gpio.o
LOAD Core/Src/main.o
LOAD Core/Src/stm32f4xx_hal_msp.o
LOAD Core/Src/stm32f4xx_it.o
LOAD Core/Src/system_stm32f4xx.o
LOAD Core/Src/tim.o
LOAD Core/Src/usart.o
LOAD Core/Startup/startup_stm32f401retx.o
LOAD Drivers/STM32F4xx_HAL_Driver/Src/stm32f4xx_hal.o
LOAD Drivers/STM32F4xx_HAL_Driver/Src/stm32f4xx_hal_cortex.o
LOAD Drivers/STM32F4xx_HAL_Driver/Src/stm32f4xx_hal_dma.o
LOAD Drivers/STM32F4xx_HAL_Driver/Src/stm32f4xx_hal_dma_ex.o
LOAD Drivers/STM32F4xx_HAL_Driver/Src/stm32f4xx_hal_exti.o
LOAD Drivers/STM32F4xx_HAL_Driver/Src/stm32f4xx_hal_flash.o
LOAD Drivers/STM32F4xx_HAL_Driver/Src/stm32f4xx_hal_flash_ex.o
LOAD Drivers/STM32F4xx_HAL_Driver/Src/stm32f4xx_hal_flash_ramfunc.o
LOAD Drivers/STM32F4xx_HAL_Driver/Src/stm32f4xx_hal_gpio.o
LOAD Drivers/STM32F4xx_HAL_Driver/Src/stm32f4xx_hal_pwr.o
LOAD Drivers/STM32F4xx_HAL_Driver/Src/stm32f4xx_hal_pwr_ex.o
LOAD Drivers/STM32F4xx_HAL_Driver/Src/stm32f4xx_hal_rcc.o
LOAD Drivers/STM32F4xx_HAL_Driver/Src/stm32f4xx_hal_rcc_ex.o
LOAD Drivers/STM32F4xx_HAL_Driver/Src/stm32f4xx_hal_tim.o
LOAD Drivers/STM32F4xx_HAL_Driver/Src/stm32f4xx_hal_tim_ex.o
LOAD Drivers/STM32F4xx_HAL_Driver/Src/stm32f4xx_hal_uart.o
START GROUP
LOAD c:/st/stm32cubeide_1.2.0/stm32cubeide/plugins/com.st.stm32cube.ide.mcu.externaltools.gnu-tools-for-stm32.7-2018-q2-update.win32_1.0.0.201904181610/tools/bin/../lib/gcc/arm-none-eabi/7.3.1/../../../../arm-none-eabi/lib/thumb/v7e-m/fpv4-sp/hard\libc_nano.a
LOAD c:/st/stm32cubeide_1.2.0/stm32cubeide/plugins/com.st.stm32cube.ide.mcu.externaltools.gnu-tools-for-stm32.7-2018-q2-update.win32_1.0.0.201904181610/tools/bin/../lib/gcc/arm-none-eabi/7.3.1/../../../../arm-none-eabi/lib/thumb/v7e-m/fpv4-sp/hard\libm.a
END GROUP
START GROUP
LOAD c:/st/stm32cubeide_1.2.0/stm32cubeide/plugins/com.st.stm32cube.ide.mcu.externaltools.gnu-tools-for-stm32.7-2018-q2-update.win32_1.0.0.201904181610/tools/bin/../lib/gcc/arm-none-eabi/7.3.1/thumb/v7e-m/fpv4-sp/hard\libgcc.a
LOAD c:/st/stm32cubeide_1.2.0/stm32cubeide/plugins/com.st.stm32cube.ide.mcu.externaltools.gnu-tools-for-stm32.7-2018-q2-update.win32_1.0.0.201904181610/tools/bin/../lib/gcc/arm-none-eabi/7.3.1/../../../../arm-none-eabi/lib/thumb/v7e-m/fpv4-sp/hard\libc_nano.a
END GROUP
START GROUP
LOAD c:/st/stm32cubeide_1.2.0/stm32cubeide/plugins/com.st.stm32cube.ide.mcu.externaltools.gnu-tools-for-stm32.7-2018-q2-update.win32_1.0.0.201904181610/tools/bin/../lib/gcc/arm-none-eabi/7.3.1/thumb/v7e-m/fpv4-sp/hard\libgcc.a
LOAD c:/st/stm32cubeide_1.2.0/stm32cubeide/plugins/com.st.stm32cube.ide.mcu.externaltools.gnu-tools-for-stm32.7-2018-q2-update.win32_1.0.0.201904181610/tools/bin/../lib/gcc/arm-none-eabi/7.3.1/../../../../arm-none-eabi/lib/thumb/v7e-m/fpv4-sp/hard\libc_nano.a
LOAD c:/st/stm32cubeide_1.2.0/stm32cubeide/plugins/com.st.stm32cube.ide.mcu.externaltools.gnu-tools-for-stm32.7-2018-q2-update.win32_1.0.0.201904181610/tools/bin/../lib/gcc/arm-none-eabi/7.3.1/../../../../arm-none-eabi/lib/thumb/v7e-m/fpv4-sp/hard\libnosys.a
END GROUP
START GROUP
LOAD c:/st/stm32cubeide_1.2.0/stm32cubeide/plugins/com.st.stm32cube.ide.mcu.externaltools.gnu-tools-for-stm32.7-2018-q2-update.win32_1.0.0.201904181610/tools/bin/../lib/gcc/arm-none-eabi/7.3.1/thumb/v7e-m/fpv4-sp/hard\libgcc.a
LOAD c:/st/stm32cubeide_1.2.0/stm32cubeide/plugins/com.st.stm32cube.ide.mcu.externaltools.gnu-tools-for-stm32.7-2018-q2-update.win32_1.0.0.201904181610/tools/bin/../lib/gcc/arm-none-eabi/7.3.1/../../../../arm-none-eabi/lib/thumb/v7e-m/fpv4-sp/hard\libc_nano.a
LOAD c:/st/stm32cubeide_1.2.0/stm32cubeide/plugins/com.st.stm32cube.ide.mcu.externaltools.gnu-tools-for-stm32.7-2018-q2-update.win32_1.0.0.201904181610/tools/bin/../lib/gcc/arm-none-eabi/7.3.1/../../../../arm-none-eabi/lib/thumb/v7e-m/fpv4-sp/hard\libnosys.a
END GROUP
LOAD c:/st/stm32cubeide_1.2.0/stm32cubeide/plugins/com.st.stm32cube.ide.mcu.externaltools.gnu-tools-for-stm32.7-2018-q2-update.win32_1.0.0.201904181610/tools/bin/../lib/gcc/arm-none-eabi/7.3.1/thumb/v7e-m/fpv4-sp/hard/crtend.o
LOAD c:/st/stm32cubeide_1.2.0/stm32cubeide/plugins/com.st.stm32cube.ide.mcu.externaltools.gnu-tools-for-stm32.7-2018-q2-update.win32_1.0.0.201904181610/tools/bin/../lib/gcc/arm-none-eabi/7.3.1/thumb/v7e-m/fpv4-sp/hard/crtn.o
                0x0000000020018000                _estack = (ORIGIN (RAM) + LENGTH (RAM))
                0x0000000000000200                _Min_Heap_Size = 0x200
                0x0000000000000400                _Min_Stack_Size = 0x400

.isr_vector     0x0000000008000000      0x194
                0x0000000008000000                . = ALIGN (0x4)
 *(.isr_vector)
 .isr_vector    0x0000000008000000      0x194 Core/Startup/startup_stm32f401retx.o
                0x0000000008000000                g_pfnVectors
                0x0000000008000194                . = ALIGN (0x4)

.text           0x0000000008000194     0x39bc
                0x0000000008000194                . = ALIGN (0x4)
 *(.text)
 .text          0x0000000008000194       0x40 c:/st/stm32cubeide_1.2.0/stm32cubeide/plugins/com.st.stm32cube.ide.mcu.externaltools.gnu-tools-for-stm32.7-2018-q2-update.win32_1.0.0.201904181610/tools/bin/../lib/gcc/arm-none-eabi/7.3.1/thumb/v7e-m/fpv4-sp/hard/crtbegin.o
 .text          0x00000000080001d4       0x14 c:/st/stm32cubeide_1.2.0/stm32cubeide/plugins/com.st.stm32cube.ide.mcu.externaltools.gnu-tools-for-stm32.7-2018-q2-update.win32_1.0.0.201904181610/tools/bin/../lib/gcc/arm-none-eabi/7.3.1/../../../../arm-none-eabi/lib/thumb/v7e-m/fpv4-sp/hard\libc_nano.a(lib_a-strcmp.o)
                0x00000000080001d4                strcmp
 .text          0x00000000080001e8       0x10 c:/st/stm32cubeide_1.2.0/stm32cubeide/plugins/com.st.stm32cube.ide.mcu.externaltools.gnu-tools-for-stm32.7-2018-q2-update.win32_1.0.0.201904181610/tools/bin/../lib/gcc/arm-none-eabi/7.3.1/../../../../arm-none-eabi/lib/thumb/v7e-m/fpv4-sp/hard\libc_nano.a(lib_a-strlen.o)
                0x00000000080001e8                strlen
 .text          0x00000000080001f8       0x30 c:/st/stm32cubeide_1.2.0/stm32cubeide/plugins/com.st.stm32cube.ide.mcu.externaltools.gnu-tools-for-stm32.7-2018-q2-update.win32_1.0.0.201904181610/tools/bin/../lib/gcc/arm-none-eabi/7.3.1/thumb/v7e-m/fpv4-sp/hard\libgcc.a(_aeabi_uldivmod.o)
                0x00000000080001f8                __aeabi_uldivmod
 .text          0x0000000008000228      0x2cc c:/st/stm32cubeide_1.2.0/stm32cubeide/plugins/com.st.stm32cube.ide.mcu.externaltools.gnu-tools-for-stm32.7-2018-q2-update.win32_1.0.0.201904181610/tools/bin/../lib/gcc/arm-none-eabi/7.3.1/thumb/v7e-m/fpv4-sp/hard\libgcc.a(_udivmoddi4.o)
                0x0000000008000228                __udivmoddi4
 .text          0x00000000080004f4        0x4 c:/st/stm32cubeide_1.2.0/stm32cubeide/plugins/com.st.stm32cube.ide.mcu.externaltools.gnu-tools-for-stm32.7-2018-q2-update.win32_1.0.0.201904181610/tools/bin/../lib/gcc/arm-none-eabi/7.3.1/thumb/v7e-m/fpv4-sp/hard\libgcc.a(_dvmd_tls.o)
                0x00000000080004f4                __aeabi_idiv0
                0x00000000080004f4                __aeabi_ldiv0
 *(.text*)
 .text.InitAlarm
                0x00000000080004f8       0x90 Core/Src/Alarm.o
                0x00000000080004f8                InitAlarm
 .text.CheckPassword
                0x0000000008000588       0xe0 Core/Src/Alarm.o
                0x0000000008000588                CheckPassword
 .text.AllarmeAttivo
                0x0000000008000668       0x2c Core/Src/Alarm.o
                0x0000000008000668                AllarmeAttivo
 .text.AllarmeDisattivato
                0x0000000008000694       0x60 Core/Src/Alarm.o
                0x0000000008000694                AllarmeDisattivato
 .text.Sound    0x00000000080006f4       0x60 Core/Src/Alarm.o
                0x00000000080006f4                Sound
 .text.CheckIntrusion
                0x0000000008000754       0x34 Core/Src/Alarm.o
                0x0000000008000754                CheckIntrusion
 .text.LedAlarm
                0x0000000008000788       0xb4 Core/Src/Alarm.o
                0x0000000008000788                LedAlarm
 .text.init_LCD
                0x000000000800083c       0x18 Core/Src/Display_LCD.o
                0x000000000800083c                init_LCD
 .text.init_modo_4bit
                0x0000000008000854       0x88 Core/Src/Display_LCD.o
                0x0000000008000854                init_modo_4bit
 .text.SetLCD   0x00000000080008dc       0x56 Core/Src/Display_LCD.o
                0x00000000080008dc                SetLCD
 *fill*         0x0000000008000932        0x2 
 .text.LcdStrobe
                0x0000000008000934       0x38 Core/Src/Display_LCD.o
                0x0000000008000934                LcdStrobe
 .text.lcd_cmd  0x000000000800096c       0x30 Core/Src/Display_LCD.o
                0x000000000800096c                lcd_cmd
 .text.CodeOut  0x000000000800099c      0x15c Core/Src/Display_LCD.o
                0x000000000800099c                CodeOut
 .text.PulisciSchermo
                0x0000000008000af8        0xe Core/Src/Display_LCD.o
                0x0000000008000af8                PulisciSchermo
 .text.StampaInteroSuLCD
                0x0000000008000b06       0x36 Core/Src/Display_LCD.o
                0x0000000008000b06                StampaInteroSuLCD
 .text.go_xy    0x0000000008000b3c       0x4a Core/Src/Display_LCD.o
                0x0000000008000b3c                go_xy
 .text.StampaStringaSuLCD
                0x0000000008000b86       0x2a Core/Src/Display_LCD.o
                0x0000000008000b86                StampaStringaSuLCD
 .text.lcd_puts
                0x0000000008000bb0       0x28 Core/Src/Display_LCD.o
                0x0000000008000bb0                lcd_puts
 .text.lcd_data
                0x0000000008000bd8       0x3c Core/Src/Display_LCD.o
                0x0000000008000bd8                lcd_data
 .text.AttivaPinKeyb4x4
                0x0000000008000c14       0x94 Core/Src/Keyb_4x4.o
                0x0000000008000c14                AttivaPinKeyb4x4
 .text.StartKeyb4x4
                0x0000000008000ca8       0x2c Core/Src/Keyb_4x4.o
                0x0000000008000ca8                StartKeyb4x4
 .text.GestioneRigheMatriceKeyb4x4
                0x0000000008000cd4       0x88 Core/Src/Keyb_4x4.o
                0x0000000008000cd4                GestioneRigheMatriceKeyb4x4
 .text.RiconosciTastoAttivato
                0x0000000008000d5c      0x1b8 Core/Src/Keyb_4x4.o
                0x0000000008000d5c                RiconosciTastoAttivato
 .text.GestioneEXTI_Keyb4x4
                0x0000000008000f14       0x38 Core/Src/Keyb_4x4.o
                0x0000000008000f14                GestioneEXTI_Keyb4x4
 .text.MX_GPIO_Init
                0x0000000008000f4c      0x1f4 Core/Src/gpio.o
                0x0000000008000f4c                MX_GPIO_Init
 .text.main     0x0000000008001140       0x84 Core/Src/main.o
                0x0000000008001140                main
 .text.SystemClock_Config
                0x00000000080011c4       0xd8 Core/Src/main.o
                0x00000000080011c4                SystemClock_Config
 .text.Error_Handler
                0x000000000800129c        0xe Core/Src/main.o
                0x000000000800129c                Error_Handler
 *fill*         0x00000000080012aa        0x2 
 .text.HAL_MspInit
                0x00000000080012ac       0x50 Core/Src/stm32f4xx_hal_msp.o
                0x00000000080012ac                HAL_MspInit
 .text.NMI_Handler
                0x00000000080012fc        0xe Core/Src/stm32f4xx_it.o
                0x00000000080012fc                NMI_Handler
 .text.HardFault_Handler
                0x000000000800130a        0x6 Core/Src/stm32f4xx_it.o
                0x000000000800130a                HardFault_Handler
 .text.MemManage_Handler
                0x0000000008001310        0x6 Core/Src/stm32f4xx_it.o
                0x0000000008001310                MemManage_Handler
 .text.BusFault_Handler
                0x0000000008001316        0x6 Core/Src/stm32f4xx_it.o
                0x0000000008001316                BusFault_Handler
 .text.UsageFault_Handler
                0x000000000800131c        0x6 Core/Src/stm32f4xx_it.o
                0x000000000800131c                UsageFault_Handler
 .text.SVC_Handler
                0x0000000008001322        0xe Core/Src/stm32f4xx_it.o
                0x0000000008001322                SVC_Handler
 .text.DebugMon_Handler
                0x0000000008001330        0xe Core/Src/stm32f4xx_it.o
                0x0000000008001330                DebugMon_Handler
 .text.PendSV_Handler
                0x000000000800133e        0xe Core/Src/stm32f4xx_it.o
                0x000000000800133e                PendSV_Handler
 .text.SysTick_Handler
                0x000000000800134c       0x70 Core/Src/stm32f4xx_it.o
                0x000000000800134c                SysTick_Handler
 .text.EXTI3_IRQHandler
                0x00000000080013bc        0xe Core/Src/stm32f4xx_it.o
                0x00000000080013bc                EXTI3_IRQHandler
 .text.EXTI9_5_IRQHandler
                0x00000000080013ca       0x22 Core/Src/stm32f4xx_it.o
                0x00000000080013ca                EXTI9_5_IRQHandler
 .text.EXTI15_10_IRQHandler
                0x00000000080013ec       0x10 Core/Src/stm32f4xx_it.o
                0x00000000080013ec                EXTI15_10_IRQHandler
 .text.HAL_GPIO_EXTI_Callback
                0x00000000080013fc       0x70 Core/Src/stm32f4xx_it.o
                0x00000000080013fc                HAL_GPIO_EXTI_Callback
 .text.SystemInit
                0x000000000800146c       0x2c Core/Src/system_stm32f4xx.o
                0x000000000800146c                SystemInit
 .text.MX_TIM2_Init
                0x0000000008001498       0xe8 Core/Src/tim.o
                0x0000000008001498                MX_TIM2_Init
 .text.HAL_TIM_Base_MspInit
                0x0000000008001580       0x40 Core/Src/tim.o
                0x0000000008001580                HAL_TIM_Base_MspInit
 .text.HAL_TIM_MspPostInit
                0x00000000080015c0       0x70 Core/Src/tim.o
                0x00000000080015c0                HAL_TIM_MspPostInit
 .text.MX_USART2_UART_Init
                0x0000000008001630       0x54 Core/Src/usart.o
                0x0000000008001630                MX_USART2_UART_Init
 .text.HAL_UART_MspInit
                0x0000000008001684       0x90 Core/Src/usart.o
                0x0000000008001684                HAL_UART_MspInit
 .text.Reset_Handler
                0x0000000008001714       0x50 Core/Startup/startup_stm32f401retx.o
                0x0000000008001714                Reset_Handler
 .text.Default_Handler
                0x0000000008001764        0x2 Core/Startup/startup_stm32f401retx.o
                0x0000000008001764                RTC_Alarm_IRQHandler
                0x0000000008001764                EXTI2_IRQHandler
                0x0000000008001764                SPI4_IRQHandler
                0x0000000008001764                TIM1_CC_IRQHandler
                0x0000000008001764                DMA2_Stream5_IRQHandler
                0x0000000008001764                DMA1_Stream5_IRQHandler
                0x0000000008001764                PVD_IRQHandler
                0x0000000008001764                SDIO_IRQHandler
                0x0000000008001764                TAMP_STAMP_IRQHandler
                0x0000000008001764                TIM1_UP_TIM10_IRQHandler
                0x0000000008001764                I2C3_ER_IRQHandler
                0x0000000008001764                EXTI0_IRQHandler
                0x0000000008001764                I2C2_EV_IRQHandler
                0x0000000008001764                DMA1_Stream2_IRQHandler
                0x0000000008001764                FPU_IRQHandler
                0x0000000008001764                DMA2_Stream2_IRQHandler
                0x0000000008001764                SPI1_IRQHandler
                0x0000000008001764                TIM1_BRK_TIM9_IRQHandler
                0x0000000008001764                DMA2_Stream3_IRQHandler
                0x0000000008001764                USART6_IRQHandler
                0x0000000008001764                DMA2_Stream0_IRQHandler
                0x0000000008001764                TIM4_IRQHandler
                0x0000000008001764                I2C1_EV_IRQHandler
                0x0000000008001764                DMA1_Stream6_IRQHandler
                0x0000000008001764                DMA1_Stream1_IRQHandler
                0x0000000008001764                TIM3_IRQHandler
                0x0000000008001764                RCC_IRQHandler
                0x0000000008001764                Default_Handler
                0x0000000008001764                ADC_IRQHandler
                0x0000000008001764                DMA1_Stream7_IRQHandler
                0x0000000008001764                TIM5_IRQHandler
                0x0000000008001764                DMA2_Stream7_IRQHandler
                0x0000000008001764                I2C3_EV_IRQHandler
                0x0000000008001764                RTC_WKUP_IRQHandler
                0x0000000008001764                SPI2_IRQHandler
                0x0000000008001764                DMA1_Stream0_IRQHandler
                0x0000000008001764                EXTI4_IRQHandler
                0x0000000008001764                WWDG_IRQHandler
                0x0000000008001764                TIM2_IRQHandler
                0x0000000008001764                OTG_FS_WKUP_IRQHandler
                0x0000000008001764                TIM1_TRG_COM_TIM11_IRQHandler
                0x0000000008001764                EXTI1_IRQHandler
                0x0000000008001764                USART2_IRQHandler
                0x0000000008001764                I2C2_ER_IRQHandler
                0x0000000008001764                DMA2_Stream1_IRQHandler
                0x0000000008001764                FLASH_IRQHandler
                0x0000000008001764                DMA2_Stream4_IRQHandler
                0x0000000008001764                USART1_IRQHandler
                0x0000000008001764                OTG_FS_IRQHandler
                0x0000000008001764                SPI3_IRQHandler
                0x0000000008001764                DMA1_Stream4_IRQHandler
                0x0000000008001764                I2C1_ER_IRQHandler
                0x0000000008001764                DMA2_Stream6_IRQHandler
                0x0000000008001764                DMA1_Stream3_IRQHandler
 *fill*         0x0000000008001766        0x2 
 .text.HAL_Init
                0x0000000008001768       0x44 Drivers/STM32F4xx_HAL_Driver/Src/stm32f4xx_hal.o
                0x0000000008001768                HAL_Init
 .text.HAL_InitTick
                0x00000000080017ac       0x60 Drivers/STM32F4xx_HAL_Driver/Src/stm32f4xx_hal.o
                0x00000000080017ac                HAL_InitTick
 .text.HAL_IncTick
                0x000000000800180c       0x28 Drivers/STM32F4xx_HAL_Driver/Src/stm32f4xx_hal.o
                0x000000000800180c                HAL_IncTick
 .text.HAL_GetTick
                0x0000000008001834       0x18 Drivers/STM32F4xx_HAL_Driver/Src/stm32f4xx_hal.o
                0x0000000008001834                HAL_GetTick
 .text.HAL_Delay
                0x000000000800184c       0x44 Drivers/STM32F4xx_HAL_Driver/Src/stm32f4xx_hal.o
                0x000000000800184c                HAL_Delay
 .text.__NVIC_SetPriorityGrouping
                0x0000000008001890       0x48 Drivers/STM32F4xx_HAL_Driver/Src/stm32f4xx_hal_cortex.o
 .text.__NVIC_GetPriorityGrouping
                0x00000000080018d8       0x1c Drivers/STM32F4xx_HAL_Driver/Src/stm32f4xx_hal_cortex.o
 .text.__NVIC_EnableIRQ
                0x00000000080018f4       0x3c Drivers/STM32F4xx_HAL_Driver/Src/stm32f4xx_hal_cortex.o
 .text.__NVIC_DisableIRQ
                0x0000000008001930       0x44 Drivers/STM32F4xx_HAL_Driver/Src/stm32f4xx_hal_cortex.o
 .text.__NVIC_SetPriority
                0x0000000008001974       0x54 Drivers/STM32F4xx_HAL_Driver/Src/stm32f4xx_hal_cortex.o
 .text.NVIC_EncodePriority
                0x00000000080019c8       0x66 Drivers/STM32F4xx_HAL_Driver/Src/stm32f4xx_hal_cortex.o
 *fill*         0x0000000008001a2e        0x2 
 .text.SysTick_Config
                0x0000000008001a30       0x44 Drivers/STM32F4xx_HAL_Driver/Src/stm32f4xx_hal_cortex.o
 .text.HAL_NVIC_SetPriorityGrouping
                0x0000000008001a74       0x16 Drivers/STM32F4xx_HAL_Driver/Src/stm32f4xx_hal_cortex.o
                0x0000000008001a74                HAL_NVIC_SetPriorityGrouping
 .text.HAL_NVIC_SetPriority
                0x0000000008001a8a       0x38 Drivers/STM32F4xx_HAL_Driver/Src/stm32f4xx_hal_cortex.o
                0x0000000008001a8a                HAL_NVIC_SetPriority
 .text.HAL_NVIC_EnableIRQ
                0x0000000008001ac2       0x1c Drivers/STM32F4xx_HAL_Driver/Src/stm32f4xx_hal_cortex.o
                0x0000000008001ac2                HAL_NVIC_EnableIRQ
 .text.HAL_NVIC_DisableIRQ
                0x0000000008001ade       0x1c Drivers/STM32F4xx_HAL_Driver/Src/stm32f4xx_hal_cortex.o
                0x0000000008001ade                HAL_NVIC_DisableIRQ
 .text.HAL_SYSTICK_Config
                0x0000000008001afa       0x18 Drivers/STM32F4xx_HAL_Driver/Src/stm32f4xx_hal_cortex.o
                0x0000000008001afa                HAL_SYSTICK_Config
 *fill*         0x0000000008001b12        0x2 
 .text.HAL_GPIO_Init
                0x0000000008001b14      0x304 Drivers/STM32F4xx_HAL_Driver/Src/stm32f4xx_hal_gpio.o
                0x0000000008001b14                HAL_GPIO_Init
 .text.HAL_GPIO_ReadPin
                0x0000000008001e18       0x30 Drivers/STM32F4xx_HAL_Driver/Src/stm32f4xx_hal_gpio.o
                0x0000000008001e18                HAL_GPIO_ReadPin
 .text.HAL_GPIO_WritePin
                0x0000000008001e48       0x32 Drivers/STM32F4xx_HAL_Driver/Src/stm32f4xx_hal_gpio.o
                0x0000000008001e48                HAL_GPIO_WritePin
 *fill*         0x0000000008001e7a        0x2 
 .text.HAL_GPIO_EXTI_IRQHandler
                0x0000000008001e7c       0x30 Drivers/STM32F4xx_HAL_Driver/Src/stm32f4xx_hal_gpio.o
                0x0000000008001e7c                HAL_GPIO_EXTI_IRQHandler
 .text.HAL_RCC_OscConfig
                0x0000000008001eac      0x4e0 Drivers/STM32F4xx_HAL_Driver/Src/stm32f4xx_hal_rcc.o
                0x0000000008001eac                HAL_RCC_OscConfig
 .text.HAL_RCC_ClockConfig
                0x000000000800238c      0x1cc Drivers/STM32F4xx_HAL_Driver/Src/stm32f4xx_hal_rcc.o
                0x000000000800238c                HAL_RCC_ClockConfig
 .text.HAL_RCC_GetSysClockFreq
                0x0000000008002558      0x1b0 Drivers/STM32F4xx_HAL_Driver/Src/stm32f4xx_hal_rcc.o
                0x0000000008002558                HAL_RCC_GetSysClockFreq
 .text.HAL_RCC_GetHCLKFreq
                0x0000000008002708       0x18 Drivers/STM32F4xx_HAL_Driver/Src/stm32f4xx_hal_rcc.o
                0x0000000008002708                HAL_RCC_GetHCLKFreq
 .text.HAL_RCC_GetPCLK1Freq
                0x0000000008002720       0x28 Drivers/STM32F4xx_HAL_Driver/Src/stm32f4xx_hal_rcc.o
                0x0000000008002720                HAL_RCC_GetPCLK1Freq
 .text.HAL_RCC_GetPCLK2Freq
                0x0000000008002748       0x28 Drivers/STM32F4xx_HAL_Driver/Src/stm32f4xx_hal_rcc.o
                0x0000000008002748                HAL_RCC_GetPCLK2Freq
 .text.HAL_TIM_Base_Init
                0x0000000008002770       0x56 Drivers/STM32F4xx_HAL_Driver/Src/stm32f4xx_hal_tim.o
                0x0000000008002770                HAL_TIM_Base_Init
 .text.HAL_TIM_PWM_Init
                0x00000000080027c6       0x56 Drivers/STM32F4xx_HAL_Driver/Src/stm32f4xx_hal_tim.o
                0x00000000080027c6                HAL_TIM_PWM_Init
 .text.HAL_TIM_PWM_MspInit
                0x000000000800281c       0x14 Drivers/STM32F4xx_HAL_Driver/Src/stm32f4xx_hal_tim.o
                0x000000000800281c                HAL_TIM_PWM_MspInit
 .text.HAL_TIM_PWM_Start
                0x0000000008002830       0x64 Drivers/STM32F4xx_HAL_Driver/Src/stm32f4xx_hal_tim.o
                0x0000000008002830                HAL_TIM_PWM_Start
 .text.HAL_TIM_PWM_Stop
                0x0000000008002894       0x98 Drivers/STM32F4xx_HAL_Driver/Src/stm32f4xx_hal_tim.o
                0x0000000008002894                HAL_TIM_PWM_Stop
 .text.HAL_TIM_PWM_ConfigChannel
                0x000000000800292c      0x18c Drivers/STM32F4xx_HAL_Driver/Src/stm32f4xx_hal_tim.o
                0x000000000800292c                HAL_TIM_PWM_ConfigChannel
 .text.HAL_TIM_ConfigClockSource
                0x0000000008002ab8      0x16e Drivers/STM32F4xx_HAL_Driver/Src/stm32f4xx_hal_tim.o
                0x0000000008002ab8                HAL_TIM_ConfigClockSource
 *fill*         0x0000000008002c26        0x2 
 .text.TIM_Base_SetConfig
                0x0000000008002c28      0x100 Drivers/STM32F4xx_HAL_Driver/Src/stm32f4xx_hal_tim.o
                0x0000000008002c28                TIM_Base_SetConfig
 .text.TIM_OC1_SetConfig
                0x0000000008002d28       0xcc Drivers/STM32F4xx_HAL_Driver/Src/stm32f4xx_hal_tim.o
 .text.TIM_OC2_SetConfig
                0x0000000008002df4       0xd8 Drivers/STM32F4xx_HAL_Driver/Src/stm32f4xx_hal_tim.o
                0x0000000008002df4                TIM_OC2_SetConfig
 .text.TIM_OC3_SetConfig
                0x0000000008002ecc       0xd4 Drivers/STM32F4xx_HAL_Driver/Src/stm32f4xx_hal_tim.o
 .text.TIM_OC4_SetConfig
                0x0000000008002fa0       0xa0 Drivers/STM32F4xx_HAL_Driver/Src/stm32f4xx_hal_tim.o
 .text.TIM_TI1_ConfigInputStage
                0x0000000008003040       0x5e Drivers/STM32F4xx_HAL_Driver/Src/stm32f4xx_hal_tim.o
 .text.TIM_TI2_ConfigInputStage
                0x000000000800309e       0x60 Drivers/STM32F4xx_HAL_Driver/Src/stm32f4xx_hal_tim.o
 .text.TIM_ITRx_SetConfig
                0x00000000080030fe       0x36 Drivers/STM32F4xx_HAL_Driver/Src/stm32f4xx_hal_tim.o
 .text.TIM_ETR_SetConfig
                0x0000000008003134       0x40 Drivers/STM32F4xx_HAL_Driver/Src/stm32f4xx_hal_tim.o
                0x0000000008003134                TIM_ETR_SetConfig
 .text.TIM_CCxChannelCmd
                0x0000000008003174       0x4a Drivers/STM32F4xx_HAL_Driver/Src/stm32f4xx_hal_tim.o
                0x0000000008003174                TIM_CCxChannelCmd
 *fill*         0x00000000080031be        0x2 
 .text.HAL_TIMEx_MasterConfigSynchronization
                0x00000000080031c0       0xdc Drivers/STM32F4xx_HAL_Driver/Src/stm32f4xx_hal_tim_ex.o
                0x00000000080031c0                HAL_TIMEx_MasterConfigSynchronization
 .text.HAL_UART_Init
                0x000000000800329c       0x9a Drivers/STM32F4xx_HAL_Driver/Src/stm32f4xx_hal_uart.o
                0x000000000800329c                HAL_UART_Init
 *fill*         0x0000000008003336        0x2 
 .text.UART_SetConfig
                0x0000000008003338      0x6f8 Drivers/STM32F4xx_HAL_Driver/Src/stm32f4xx_hal_uart.o
 .text.__libc_init_array
                0x0000000008003a30       0x48 c:/st/stm32cubeide_1.2.0/stm32cubeide/plugins/com.st.stm32cube.ide.mcu.externaltools.gnu-tools-for-stm32.7-2018-q2-update.win32_1.0.0.201904181610/tools/bin/../lib/gcc/arm-none-eabi/7.3.1/../../../../arm-none-eabi/lib/thumb/v7e-m/fpv4-sp/hard\libc_nano.a(lib_a-init.o)
                0x0000000008003a30                __libc_init_array
 .text.__itoa   0x0000000008003a78       0x30 c:/st/stm32cubeide_1.2.0/stm32cubeide/plugins/com.st.stm32cube.ide.mcu.externaltools.gnu-tools-for-stm32.7-2018-q2-update.win32_1.0.0.201904181610/tools/bin/../lib/gcc/arm-none-eabi/7.3.1/../../../../arm-none-eabi/lib/thumb/v7e-m/fpv4-sp/hard\libc_nano.a(lib_a-itoa.o)
                0x0000000008003a78                __itoa
 .text.itoa     0x0000000008003aa8        0x4 c:/st/stm32cubeide_1.2.0/stm32cubeide/plugins/com.st.stm32cube.ide.mcu.externaltools.gnu-tools-for-stm32.7-2018-q2-update.win32_1.0.0.201904181610/tools/bin/../lib/gcc/arm-none-eabi/7.3.1/../../../../arm-none-eabi/lib/thumb/v7e-m/fpv4-sp/hard\libc_nano.a(lib_a-itoa.o)
                0x0000000008003aa8                itoa
 .text.memset   0x0000000008003aac       0x10 c:/st/stm32cubeide_1.2.0/stm32cubeide/plugins/com.st.stm32cube.ide.mcu.externaltools.gnu-tools-for-stm32.7-2018-q2-update.win32_1.0.0.201904181610/tools/bin/../lib/gcc/arm-none-eabi/7.3.1/../../../../arm-none-eabi/lib/thumb/v7e-m/fpv4-sp/hard\libc_nano.a(lib_a-memset.o)
                0x0000000008003aac                memset
 .text.__utoa   0x0000000008003abc       0x7c c:/st/stm32cubeide_1.2.0/stm32cubeide/plugins/com.st.stm32cube.ide.mcu.externaltools.gnu-tools-for-stm32.7-2018-q2-update.win32_1.0.0.201904181610/tools/bin/../lib/gcc/arm-none-eabi/7.3.1/../../../../arm-none-eabi/lib/thumb/v7e-m/fpv4-sp/hard\libc_nano.a(lib_a-utoa.o)
                0x0000000008003abc                __utoa
 *(.glue_7)
 .glue_7        0x0000000008003b38        0x0 linker stubs
 *(.glue_7t)
 .glue_7t       0x0000000008003b38        0x0 linker stubs
 *(.eh_frame)
 .eh_frame      0x0000000008003b38        0x0 c:/st/stm32cubeide_1.2.0/stm32cubeide/plugins/com.st.stm32cube.ide.mcu.externaltools.gnu-tools-for-stm32.7-2018-q2-update.win32_1.0.0.201904181610/tools/bin/../lib/gcc/arm-none-eabi/7.3.1/thumb/v7e-m/fpv4-sp/hard/crtbegin.o
 *(.init)
 .init          0x0000000008003b38        0x4 c:/st/stm32cubeide_1.2.0/stm32cubeide/plugins/com.st.stm32cube.ide.mcu.externaltools.gnu-tools-for-stm32.7-2018-q2-update.win32_1.0.0.201904181610/tools/bin/../lib/gcc/arm-none-eabi/7.3.1/thumb/v7e-m/fpv4-sp/hard/crti.o
                0x0000000008003b38                _init
 .init          0x0000000008003b3c        0x8 c:/st/stm32cubeide_1.2.0/stm32cubeide/plugins/com.st.stm32cube.ide.mcu.externaltools.gnu-tools-for-stm32.7-2018-q2-update.win32_1.0.0.201904181610/tools/bin/../lib/gcc/arm-none-eabi/7.3.1/thumb/v7e-m/fpv4-sp/hard/crtn.o
 *(.fini)
 .fini          0x0000000008003b44        0x4 c:/st/stm32cubeide_1.2.0/stm32cubeide/plugins/com.st.stm32cube.ide.mcu.externaltools.gnu-tools-for-stm32.7-2018-q2-update.win32_1.0.0.201904181610/tools/bin/../lib/gcc/arm-none-eabi/7.3.1/thumb/v7e-m/fpv4-sp/hard/crti.o
                0x0000000008003b44                _fini
 .fini          0x0000000008003b48        0x8 c:/st/stm32cubeide_1.2.0/stm32cubeide/plugins/com.st.stm32cube.ide.mcu.externaltools.gnu-tools-for-stm32.7-2018-q2-update.win32_1.0.0.201904181610/tools/bin/../lib/gcc/arm-none-eabi/7.3.1/thumb/v7e-m/fpv4-sp/hard/crtn.o
                0x0000000008003b50                . = ALIGN (0x4)
                0x0000000008003b50                _etext = .

.vfp11_veneer   0x0000000008003b50        0x0
 .vfp11_veneer  0x0000000008003b50        0x0 linker stubs

.v4_bx          0x0000000008003b50        0x0
 .v4_bx         0x0000000008003b50        0x0 linker stubs

.iplt           0x0000000008003b50        0x0
 .iplt          0x0000000008003b50        0x0 c:/st/stm32cubeide_1.2.0/stm32cubeide/plugins/com.st.stm32cube.ide.mcu.externaltools.gnu-tools-for-stm32.7-2018-q2-update.win32_1.0.0.201904181610/tools/bin/../lib/gcc/arm-none-eabi/7.3.1/thumb/v7e-m/fpv4-sp/hard/crtbegin.o

.rodata         0x0000000008003b50       0xb0
                0x0000000008003b50                . = ALIGN (0x4)
 *(.rodata)
 .rodata        0x0000000008003b50       0x46 Core/Src/Alarm.o
 *fill*         0x0000000008003b96        0x2 
 .rodata        0x0000000008003b98       0x17 Core/Src/main.o
 *(.rodata*)
 *fill*         0x0000000008003baf        0x1 
 .rodata.TastiKeyb4x4
                0x0000000008003bb0       0x10 Core/Src/Keyb_4x4.o
                0x0000000008003bb0                TastiKeyb4x4
 .rodata.AHBPrescTable
                0x0000000008003bc0       0x10 Core/Src/system_stm32f4xx.o
                0x0000000008003bc0                AHBPrescTable
 .rodata.APBPrescTable
                0x0000000008003bd0        0x8 Core/Src/system_stm32f4xx.o
                0x0000000008003bd0                APBPrescTable
 .rodata.__utoa.str1.1
                0x0000000008003bd8       0x25 c:/st/stm32cubeide_1.2.0/stm32cubeide/plugins/com.st.stm32cube.ide.mcu.externaltools.gnu-tools-for-stm32.7-2018-q2-update.win32_1.0.0.201904181610/tools/bin/../lib/gcc/arm-none-eabi/7.3.1/../../../../arm-none-eabi/lib/thumb/v7e-m/fpv4-sp/hard\libc_nano.a(lib_a-utoa.o)
                0x0000000008003c00                . = ALIGN (0x4)
 *fill*         0x0000000008003bfd        0x3 

.ARM.extab      0x0000000008003c00        0x0
                0x0000000008003c00                . = ALIGN (0x4)
 *(.ARM.extab* .gnu.linkonce.armextab.*)
                0x0000000008003c00                . = ALIGN (0x4)

.ARM            0x0000000008003c00        0x8
                0x0000000008003c00                . = ALIGN (0x4)
                0x0000000008003c00                __exidx_start = .
 *(.ARM.exidx*)
 .ARM.exidx     0x0000000008003c00        0x8 c:/st/stm32cubeide_1.2.0/stm32cubeide/plugins/com.st.stm32cube.ide.mcu.externaltools.gnu-tools-for-stm32.7-2018-q2-update.win32_1.0.0.201904181610/tools/bin/../lib/gcc/arm-none-eabi/7.3.1/thumb/v7e-m/fpv4-sp/hard\libgcc.a(_udivmoddi4.o)
                0x0000000008003c08                __exidx_end = .
                0x0000000008003c08                . = ALIGN (0x4)

.rel.dyn        0x0000000008003c08        0x0
 .rel.iplt      0x0000000008003c08        0x0 c:/st/stm32cubeide_1.2.0/stm32cubeide/plugins/com.st.stm32cube.ide.mcu.externaltools.gnu-tools-for-stm32.7-2018-q2-update.win32_1.0.0.201904181610/tools/bin/../lib/gcc/arm-none-eabi/7.3.1/thumb/v7e-m/fpv4-sp/hard/crtbegin.o

.preinit_array  0x0000000008003c08        0x0
                0x0000000008003c08                . = ALIGN (0x4)
                0x0000000008003c08                PROVIDE (__preinit_array_start = .)
 *(.preinit_array*)
                0x0000000008003c08                PROVIDE (__preinit_array_end = .)
                0x0000000008003c08                . = ALIGN (0x4)

.init_array     0x0000000008003c08        0x4
                0x0000000008003c08                . = ALIGN (0x4)
                0x0000000008003c08                PROVIDE (__init_array_start = .)
 *(SORT_BY_NAME(.init_array.*))
 *(.init_array*)
 .init_array    0x0000000008003c08        0x4 c:/st/stm32cubeide_1.2.0/stm32cubeide/plugins/com.st.stm32cube.ide.mcu.externaltools.gnu-tools-for-stm32.7-2018-q2-update.win32_1.0.0.201904181610/tools/bin/../lib/gcc/arm-none-eabi/7.3.1/thumb/v7e-m/fpv4-sp/hard/crtbegin.o
                0x0000000008003c0c                PROVIDE (__init_array_end = .)
                0x0000000008003c0c                . = ALIGN (0x4)

.fini_array     0x0000000008003c0c        0x4
                0x0000000008003c0c                . = ALIGN (0x4)
                [!provide]                        PROVIDE (__fini_array_start = .)
 *(SORT_BY_NAME(.fini_array.*))
 *(.fini_array*)
 .fini_array    0x0000000008003c0c        0x4 c:/st/stm32cubeide_1.2.0/stm32cubeide/plugins/com.st.stm32cube.ide.mcu.externaltools.gnu-tools-for-stm32.7-2018-q2-update.win32_1.0.0.201904181610/tools/bin/../lib/gcc/arm-none-eabi/7.3.1/thumb/v7e-m/fpv4-sp/hard/crtbegin.o
                [!provide]                        PROVIDE (__fini_array_end = .)
                0x0000000008003c10                . = ALIGN (0x4)
                0x0000000008003c10                _sidata = LOADADDR (.data)

.data           0x0000000020000000       0x14 load address 0x0000000008003c10
                0x0000000020000000                . = ALIGN (0x4)
                0x0000000020000000                _sdata = .
 *(.data)
 *(.data*)
 .data.cursore  0x0000000020000000        0x4 Core/Src/main.o
                0x0000000020000000                cursore
 .data.strobe   0x0000000020000004        0x4 Core/Src/main.o
                0x0000000020000004                strobe
 .data.SystemCoreClock
                0x0000000020000008        0x4 Core/Src/system_stm32f4xx.o
                0x0000000020000008                SystemCoreClock
 .data.uwTickPrio
                0x000000002000000c        0x4 Drivers/STM32F4xx_HAL_Driver/Src/stm32f4xx_hal.o
                0x000000002000000c                uwTickPrio
 .data.uwTickFreq
                0x0000000020000010        0x1 Drivers/STM32F4xx_HAL_Driver/Src/stm32f4xx_hal.o
                0x0000000020000010                uwTickFreq
                0x0000000020000014                . = ALIGN (0x4)
 *fill*         0x0000000020000011        0x3 
                0x0000000020000014                _edata = .

.igot.plt       0x0000000020000014        0x0 load address 0x0000000008003c24
 .igot.plt      0x0000000020000014        0x0 c:/st/stm32cubeide_1.2.0/stm32cubeide/plugins/com.st.stm32cube.ide.mcu.externaltools.gnu-tools-for-stm32.7-2018-q2-update.win32_1.0.0.201904181610/tools/bin/../lib/gcc/arm-none-eabi/7.3.1/thumb/v7e-m/fpv4-sp/hard/crtbegin.o
                0x0000000020000014                . = ALIGN (0x4)

.bss            0x0000000020000014       0xd0 load address 0x0000000008003c24
                0x0000000020000014                _sbss = .
                0x0000000020000014                __bss_start__ = _sbss
 *(.bss)
 .bss           0x0000000020000014       0x1c c:/st/stm32cubeide_1.2.0/stm32cubeide/plugins/com.st.stm32cube.ide.mcu.externaltools.gnu-tools-for-stm32.7-2018-q2-update.win32_1.0.0.201904181610/tools/bin/../lib/gcc/arm-none-eabi/7.3.1/thumb/v7e-m/fpv4-sp/hard/crtbegin.o
 *(.bss*)
 .bss.intrusion
                0x0000000020000030        0x4 Core/Src/Alarm.o
                0x0000000020000030                intrusion
 .bss.IndiceCicloKeyb4x4
                0x0000000020000034        0x1 Core/Src/Keyb_4x4.o
                0x0000000020000034                IndiceCicloKeyb4x4
 .bss.CicloKeyb4x4Attivo
                0x0000000020000035        0x1 Core/Src/Keyb_4x4.o
                0x0000000020000035                CicloKeyb4x4Attivo
 .bss.TastoPremuto
                0x0000000020000036        0x1 Core/Src/Keyb_4x4.o
                0x0000000020000036                TastoPremuto
 .bss.nTasti.8316
                0x0000000020000037        0x1 Core/Src/Keyb_4x4.o
 .bss.TastoAttivoPrec.8315
                0x0000000020000038        0x1 Core/Src/Keyb_4x4.o
 *fill*         0x0000000020000039        0x3 
 .bss.allarme   0x000000002000003c        0x4 Core/Src/main.o
                0x000000002000003c                allarme
 .bss.tentativi
                0x0000000020000040        0x4 Core/Src/main.o
                0x0000000020000040                tentativi
 *(COMMON)
 COMMON         0x0000000020000044        0x6 Core/Src/Keyb_4x4.o
                0x0000000020000044                TempoAR_Keyb4x4
                0x0000000020000046                DurataValoreBasso
                0x0000000020000048                PinAttivato
 *fill*         0x000000002000004a        0x2 
 COMMON         0x000000002000004c       0x13 Core/Src/main.o
                0x000000002000004c                password
                0x0000000020000054                strobeBuffer
                0x0000000020000058                lettera
                0x000000002000005e                TempoAR_Pir
 *fill*         0x000000002000005f        0x1 
 COMMON         0x0000000020000060       0x40 Core/Src/tim.o
                0x0000000020000060                htim2
 COMMON         0x00000000200000a0       0x40 Core/Src/usart.o
                0x00000000200000a0                huart2
 COMMON         0x00000000200000e0        0x4 Drivers/STM32F4xx_HAL_Driver/Src/stm32f4xx_hal.o
                0x00000000200000e0                uwTick
                0x00000000200000e4                . = ALIGN (0x4)
                0x00000000200000e4                _ebss = .
                0x00000000200000e4                __bss_end__ = _ebss

._user_heap_stack
                0x00000000200000e4      0x604 load address 0x0000000008003c24
                0x00000000200000e8                . = ALIGN (0x8)
 *fill*         0x00000000200000e4        0x4 
                [!provide]                        PROVIDE (end = .)
                [!provide]                        PROVIDE (_end = .)
                0x00000000200002e8                . = (. + _Min_Heap_Size)
 *fill*         0x00000000200000e8      0x200 
                0x00000000200006e8                . = (. + _Min_Stack_Size)
 *fill*         0x00000000200002e8      0x400 
                0x00000000200006e8                . = ALIGN (0x8)

/DISCARD/
 libc.a(*)
 libm.a(*)
 libgcc.a(*)

.ARM.attributes
                0x0000000000000000       0x30
 *(.ARM.attributes)
 .ARM.attributes
                0x0000000000000000       0x22 c:/st/stm32cubeide_1.2.0/stm32cubeide/plugins/com.st.stm32cube.ide.mcu.externaltools.gnu-tools-for-stm32.7-2018-q2-update.win32_1.0.0.201904181610/tools/bin/../lib/gcc/arm-none-eabi/7.3.1/thumb/v7e-m/fpv4-sp/hard/crti.o
 .ARM.attributes
                0x0000000000000022       0x34 c:/st/stm32cubeide_1.2.0/stm32cubeide/plugins/com.st.stm32cube.ide.mcu.externaltools.gnu-tools-for-stm32.7-2018-q2-update.win32_1.0.0.201904181610/tools/bin/../lib/gcc/arm-none-eabi/7.3.1/thumb/v7e-m/fpv4-sp/hard/crtbegin.o
 .ARM.attributes
                0x0000000000000056       0x39 Core/Src/Alarm.o
 .ARM.attributes
                0x000000000000008f       0x39 Core/Src/Display_LCD.o
 .ARM.attributes
                0x00000000000000c8       0x39 Core/Src/Keyb_4x4.o
 .ARM.attributes
                0x0000000000000101       0x39 Core/Src/gpio.o
 .ARM.attributes
                0x000000000000013a       0x39 Core/Src/main.o
 .ARM.attributes
                0x0000000000000173       0x39 Core/Src/stm32f4xx_hal_msp.o
 .ARM.attributes
                0x00000000000001ac       0x39 Core/Src/stm32f4xx_it.o
 .ARM.attributes
                0x00000000000001e5       0x39 Core/Src/system_stm32f4xx.o
 .ARM.attributes
                0x000000000000021e       0x39 Core/Src/tim.o
 .ARM.attributes
                0x0000000000000257       0x39 Core/Src/usart.o
 .ARM.attributes
                0x0000000000000290       0x21 Core/Startup/startup_stm32f401retx.o
 .ARM.attributes
                0x00000000000002b1       0x39 Drivers/STM32F4xx_HAL_Driver/Src/stm32f4xx_hal.o
 .ARM.attributes
                0x00000000000002ea       0x39 Drivers/STM32F4xx_HAL_Driver/Src/stm32f4xx_hal_cortex.o
 .ARM.attributes
                0x0000000000000323       0x39 Drivers/STM32F4xx_HAL_Driver/Src/stm32f4xx_hal_gpio.o
 .ARM.attributes
                0x000000000000035c       0x39 Drivers/STM32F4xx_HAL_Driver/Src/stm32f4xx_hal_rcc.o
 .ARM.attributes
                0x0000000000000395       0x39 Drivers/STM32F4xx_HAL_Driver/Src/stm32f4xx_hal_tim.o
 .ARM.attributes
                0x00000000000003ce       0x39 Drivers/STM32F4xx_HAL_Driver/Src/stm32f4xx_hal_tim_ex.o
 .ARM.attributes
                0x0000000000000407       0x39 Drivers/STM32F4xx_HAL_Driver/Src/stm32f4xx_hal_uart.o
 .ARM.attributes
                0x0000000000000440       0x34 c:/st/stm32cubeide_1.2.0/stm32cubeide/plugins/com.st.stm32cube.ide.mcu.externaltools.gnu-tools-for-stm32.7-2018-q2-update.win32_1.0.0.201904181610/tools/bin/../lib/gcc/arm-none-eabi/7.3.1/../../../../arm-none-eabi/lib/thumb/v7e-m/fpv4-sp/hard\libc_nano.a(lib_a-init.o)
 .ARM.attributes
                0x0000000000000474       0x34 c:/st/stm32cubeide_1.2.0/stm32cubeide/plugins/com.st.stm32cube.ide.mcu.externaltools.gnu-tools-for-stm32.7-2018-q2-update.win32_1.0.0.201904181610/tools/bin/../lib/gcc/arm-none-eabi/7.3.1/../../../../arm-none-eabi/lib/thumb/v7e-m/fpv4-sp/hard\libc_nano.a(lib_a-itoa.o)
 .ARM.attributes
                0x00000000000004a8       0x34 c:/st/stm32cubeide_1.2.0/stm32cubeide/plugins/com.st.stm32cube.ide.mcu.externaltools.gnu-tools-for-stm32.7-2018-q2-update.win32_1.0.0.201904181610/tools/bin/../lib/gcc/arm-none-eabi/7.3.1/../../../../arm-none-eabi/lib/thumb/v7e-m/fpv4-sp/hard\libc_nano.a(lib_a-memset.o)
 .ARM.attributes
                0x00000000000004dc       0x20 c:/st/stm32cubeide_1.2.0/stm32cubeide/plugins/com.st.stm32cube.ide.mcu.externaltools.gnu-tools-for-stm32.7-2018-q2-update.win32_1.0.0.201904181610/tools/bin/../lib/gcc/arm-none-eabi/7.3.1/../../../../arm-none-eabi/lib/thumb/v7e-m/fpv4-sp/hard\libc_nano.a(lib_a-strcmp.o)
 .ARM.attributes
                0x00000000000004fc       0x1b c:/st/stm32cubeide_1.2.0/stm32cubeide/plugins/com.st.stm32cube.ide.mcu.externaltools.gnu-tools-for-stm32.7-2018-q2-update.win32_1.0.0.201904181610/tools/bin/../lib/gcc/arm-none-eabi/7.3.1/../../../../arm-none-eabi/lib/thumb/v7e-m/fpv4-sp/hard\libc_nano.a(lib_a-strlen.o)
 .ARM.attributes
                0x0000000000000517       0x34 c:/st/stm32cubeide_1.2.0/stm32cubeide/plugins/com.st.stm32cube.ide.mcu.externaltools.gnu-tools-for-stm32.7-2018-q2-update.win32_1.0.0.201904181610/tools/bin/../lib/gcc/arm-none-eabi/7.3.1/../../../../arm-none-eabi/lib/thumb/v7e-m/fpv4-sp/hard\libc_nano.a(lib_a-utoa.o)
 .ARM.attributes
                0x000000000000054b       0x22 c:/st/stm32cubeide_1.2.0/stm32cubeide/plugins/com.st.stm32cube.ide.mcu.externaltools.gnu-tools-for-stm32.7-2018-q2-update.win32_1.0.0.201904181610/tools/bin/../lib/gcc/arm-none-eabi/7.3.1/thumb/v7e-m/fpv4-sp/hard\libgcc.a(_aeabi_uldivmod.o)
 .ARM.attributes
                0x000000000000056d       0x34 c:/st/stm32cubeide_1.2.0/stm32cubeide/plugins/com.st.stm32cube.ide.mcu.externaltools.gnu-tools-for-stm32.7-2018-q2-update.win32_1.0.0.201904181610/tools/bin/../lib/gcc/arm-none-eabi/7.3.1/thumb/v7e-m/fpv4-sp/hard\libgcc.a(_udivmoddi4.o)
 .ARM.attributes
                0x00000000000005a1       0x22 c:/st/stm32cubeide_1.2.0/stm32cubeide/plugins/com.st.stm32cube.ide.mcu.externaltools.gnu-tools-for-stm32.7-2018-q2-update.win32_1.0.0.201904181610/tools/bin/../lib/gcc/arm-none-eabi/7.3.1/thumb/v7e-m/fpv4-sp/hard\libgcc.a(_dvmd_tls.o)
 .ARM.attributes
                0x00000000000005c3       0x22 c:/st/stm32cubeide_1.2.0/stm32cubeide/plugins/com.st.stm32cube.ide.mcu.externaltools.gnu-tools-for-stm32.7-2018-q2-update.win32_1.0.0.201904181610/tools/bin/../lib/gcc/arm-none-eabi/7.3.1/thumb/v7e-m/fpv4-sp/hard/crtn.o
OUTPUT(Allarme_Antifurto.elf elf32-littlearm)

.debug_info     0x0000000000000000     0xde18
 .debug_info    0x0000000000000000     0x11bd Core/Src/Alarm.o
 .debug_info    0x00000000000011bd      0xc86 Core/Src/Display_LCD.o
 .debug_info    0x0000000000001e43     0x123f Core/Src/Keyb_4x4.o
 .debug_info    0x0000000000003082      0x680 Core/Src/gpio.o
 .debug_info    0x0000000000003702     0x1674 Core/Src/main.o
 .debug_info    0x0000000000004d76      0x38c Core/Src/stm32f4xx_hal_msp.o
 .debug_info    0x0000000000005102      0x35c Core/Src/stm32f4xx_it.o
 .debug_info    0x000000000000545e      0x57e Core/Src/system_stm32f4xx.o
 .debug_info    0x00000000000059dc      0xb0b Core/Src/tim.o
 .debug_info    0x00000000000064e7      0x96c Core/Src/usart.o
 .debug_info    0x0000000000006e53       0x22 Core/Startup/startup_stm32f401retx.o
 .debug_info    0x0000000000006e75      0x8d3 Drivers/STM32F4xx_HAL_Driver/Src/stm32f4xx_hal.o
 .debug_info    0x0000000000007748      0xd92 Drivers/STM32F4xx_HAL_Driver/Src/stm32f4xx_hal_cortex.o
 .debug_info    0x00000000000084da      0x7dc Drivers/STM32F4xx_HAL_Driver/Src/stm32f4xx_hal_gpio.o
 .debug_info    0x0000000000008cb6      0x92e Drivers/STM32F4xx_HAL_Driver/Src/stm32f4xx_hal_rcc.o
 .debug_info    0x00000000000095e4     0x24a1 Drivers/STM32F4xx_HAL_Driver/Src/stm32f4xx_hal_tim.o
 .debug_info    0x000000000000ba85     0x114f Drivers/STM32F4xx_HAL_Driver/Src/stm32f4xx_hal_tim_ex.o
 .debug_info    0x000000000000cbd4     0x1244 Drivers/STM32F4xx_HAL_Driver/Src/stm32f4xx_hal_uart.o

.debug_abbrev   0x0000000000000000     0x2037
 .debug_abbrev  0x0000000000000000      0x226 Core/Src/Alarm.o
 .debug_abbrev  0x0000000000000226      0x1f8 Core/Src/Display_LCD.o
 .debug_abbrev  0x000000000000041e      0x22a Core/Src/Keyb_4x4.o
 .debug_abbrev  0x0000000000000648      0x13d Core/Src/gpio.o
 .debug_abbrev  0x0000000000000785      0x224 Core/Src/main.o
 .debug_abbrev  0x00000000000009a9      0x109 Core/Src/stm32f4xx_hal_msp.o
 .debug_abbrev  0x0000000000000ab2      0x13f Core/Src/stm32f4xx_it.o
 .debug_abbrev  0x0000000000000bf1      0x12b Core/Src/system_stm32f4xx.o
 .debug_abbrev  0x0000000000000d1c      0x1b9 Core/Src/tim.o
 .debug_abbrev  0x0000000000000ed5      0x199 Core/Src/usart.o
 .debug_abbrev  0x000000000000106e       0x12 Core/Startup/startup_stm32f401retx.o
 .debug_abbrev  0x0000000000001080      0x1f2 Drivers/STM32F4xx_HAL_Driver/Src/stm32f4xx_hal.o
 .debug_abbrev  0x0000000000001272      0x2fa Drivers/STM32F4xx_HAL_Driver/Src/stm32f4xx_hal_cortex.o
 .debug_abbrev  0x000000000000156c      0x1c9 Drivers/STM32F4xx_HAL_Driver/Src/stm32f4xx_hal_gpio.o
 .debug_abbrev  0x0000000000001735      0x245 Drivers/STM32F4xx_HAL_Driver/Src/stm32f4xx_hal_rcc.o
 .debug_abbrev  0x000000000000197a      0x23f Drivers/STM32F4xx_HAL_Driver/Src/stm32f4xx_hal_tim.o
 .debug_abbrev  0x0000000000001bb9      0x22d Drivers/STM32F4xx_HAL_Driver/Src/stm32f4xx_hal_tim_ex.o
 .debug_abbrev  0x0000000000001de6      0x251 Drivers/STM32F4xx_HAL_Driver/Src/stm32f4xx_hal_uart.o

.debug_aranges  0x0000000000000000      0xc70
 .debug_aranges
                0x0000000000000000       0x50 Core/Src/Alarm.o
 .debug_aranges
                0x0000000000000050       0x88 Core/Src/Display_LCD.o
 .debug_aranges
                0x00000000000000d8       0x40 Core/Src/Keyb_4x4.o
 .debug_aranges
                0x0000000000000118       0x20 Core/Src/gpio.o
 .debug_aranges
                0x0000000000000138       0x30 Core/Src/main.o
 .debug_aranges
                0x0000000000000168       0x20 Core/Src/stm32f4xx_hal_msp.o
 .debug_aranges
                0x0000000000000188       0x80 Core/Src/stm32f4xx_it.o
 .debug_aranges
                0x0000000000000208       0x28 Core/Src/system_stm32f4xx.o
 .debug_aranges
                0x0000000000000230       0x38 Core/Src/tim.o
 .debug_aranges
                0x0000000000000268       0x30 Core/Src/usart.o
 .debug_aranges
                0x0000000000000298       0x28 Core/Startup/startup_stm32f401retx.o
 .debug_aranges
                0x00000000000002c0       0xf0 Drivers/STM32F4xx_HAL_Driver/Src/stm32f4xx_hal.o
 .debug_aranges
                0x00000000000003b0      0x118 Drivers/STM32F4xx_HAL_Driver/Src/stm32f4xx_hal_cortex.o
 .debug_aranges
                0x00000000000004c8       0x58 Drivers/STM32F4xx_HAL_Driver/Src/stm32f4xx_hal_gpio.o
 .debug_aranges
                0x0000000000000520       0x88 Drivers/STM32F4xx_HAL_Driver/Src/stm32f4xx_hal_rcc.o
 .debug_aranges
                0x00000000000005a8      0x3a8 Drivers/STM32F4xx_HAL_Driver/Src/stm32f4xx_hal_tim.o
 .debug_aranges
                0x0000000000000950      0x150 Drivers/STM32F4xx_HAL_Driver/Src/stm32f4xx_hal_tim_ex.o
 .debug_aranges
                0x0000000000000aa0      0x1d0 Drivers/STM32F4xx_HAL_Driver/Src/stm32f4xx_hal_uart.o

.debug_ranges   0x0000000000000000      0xb58
 .debug_ranges  0x0000000000000000       0x40 Core/Src/Alarm.o
 .debug_ranges  0x0000000000000040       0x78 Core/Src/Display_LCD.o
 .debug_ranges  0x00000000000000b8       0x30 Core/Src/Keyb_4x4.o
 .debug_ranges  0x00000000000000e8       0x10 Core/Src/gpio.o
 .debug_ranges  0x00000000000000f8       0x20 Core/Src/main.o
 .debug_ranges  0x0000000000000118       0x10 Core/Src/stm32f4xx_hal_msp.o
 .debug_ranges  0x0000000000000128       0x70 Core/Src/stm32f4xx_it.o
 .debug_ranges  0x0000000000000198       0x18 Core/Src/system_stm32f4xx.o
 .debug_ranges  0x00000000000001b0       0x28 Core/Src/tim.o
 .debug_ranges  0x00000000000001d8       0x20 Core/Src/usart.o
 .debug_ranges  0x00000000000001f8       0x20 Core/Startup/startup_stm32f401retx.o
 .debug_ranges  0x0000000000000218       0xe0 Drivers/STM32F4xx_HAL_Driver/Src/stm32f4xx_hal.o
 .debug_ranges  0x00000000000002f8      0x108 Drivers/STM32F4xx_HAL_Driver/Src/stm32f4xx_hal_cortex.o
 .debug_ranges  0x0000000000000400       0x48 Drivers/STM32F4xx_HAL_Driver/Src/stm32f4xx_hal_gpio.o
 .debug_ranges  0x0000000000000448       0x78 Drivers/STM32F4xx_HAL_Driver/Src/stm32f4xx_hal_rcc.o
 .debug_ranges  0x00000000000004c0      0x398 Drivers/STM32F4xx_HAL_Driver/Src/stm32f4xx_hal_tim.o
 .debug_ranges  0x0000000000000858      0x140 Drivers/STM32F4xx_HAL_Driver/Src/stm32f4xx_hal_tim_ex.o
 .debug_ranges  0x0000000000000998      0x1c0 Drivers/STM32F4xx_HAL_Driver/Src/stm32f4xx_hal_uart.o

.debug_macro    0x0000000000000000    0x171ef
 .debug_macro   0x0000000000000000      0x2c1 Core/Src/Alarm.o
 .debug_macro   0x00000000000002c1      0xa5a Core/Src/Alarm.o
 .debug_macro   0x0000000000000d1b      0x18a Core/Src/Alarm.o
 .debug_macro   0x0000000000000ea5       0x32 Core/Src/Alarm.o
 .debug_macro   0x0000000000000ed7       0x28 Core/Src/Alarm.o
 .debug_macro   0x0000000000000eff       0x22 Core/Src/Alarm.o
 .debug_macro   0x0000000000000f21       0x8e Core/Src/Alarm.o
 .debug_macro   0x0000000000000faf       0x51 Core/Src/Alarm.o
 .debug_macro   0x0000000000001000       0xef Core/Src/Alarm.o
 .debug_macro   0x00000000000010ef       0x6a Core/Src/Alarm.o
 .debug_macro   0x0000000000001159      0x1df Core/Src/Alarm.o
 .debug_macro   0x0000000000001338       0x1c Core/Src/Alarm.o
 .debug_macro   0x0000000000001354       0x22 Core/Src/Alarm.o
 .debug_macro   0x0000000000001376       0xdf Core/Src/Alarm.o
 .debug_macro   0x0000000000001455     0x102d Core/Src/Alarm.o
 .debug_macro   0x0000000000002482      0x11f Core/Src/Alarm.o
 .debug_macro   0x00000000000025a1     0xb850 Core/Src/Alarm.o
 .debug_macro   0x000000000000ddf1       0x43 Core/Src/Alarm.o
 .debug_macro   0x000000000000de34     0x3652 Core/Src/Alarm.o
 .debug_macro   0x0000000000011486      0x174 Core/Src/Alarm.o
 .debug_macro   0x00000000000115fa       0x5a Core/Src/Alarm.o
 .debug_macro   0x0000000000011654      0x416 Core/Src/Alarm.o
 .debug_macro   0x0000000000011a6a      0x9fe Core/Src/Alarm.o
 .debug_macro   0x0000000000012468      0x15f Core/Src/Alarm.o
 .debug_macro   0x00000000000125c7      0x117 Core/Src/Alarm.o
 .debug_macro   0x00000000000126de       0xf8 Core/Src/Alarm.o
 .debug_macro   0x00000000000127d6       0x27 Core/Src/Alarm.o
 .debug_macro   0x00000000000127fd      0x287 Core/Src/Alarm.o
 .debug_macro   0x0000000000012a84       0x5f Core/Src/Alarm.o
 .debug_macro   0x0000000000012ae3      0x236 Core/Src/Alarm.o
 .debug_macro   0x0000000000012d19      0x132 Core/Src/Alarm.o
 .debug_macro   0x0000000000012e4b      0x264 Core/Src/Alarm.o
 .debug_macro   0x00000000000130af       0x2e Core/Src/Alarm.o
 .debug_macro   0x00000000000130dd      0x11a Core/Src/Alarm.o
 .debug_macro   0x00000000000131f7       0x85 Core/Src/Alarm.o
 .debug_macro   0x000000000001327c       0x89 Core/Src/Alarm.o
 .debug_macro   0x0000000000013305      0x8a0 Core/Src/Alarm.o
 .debug_macro   0x0000000000013ba5       0x47 Core/Src/Alarm.o
 .debug_macro   0x0000000000013bec      0x287 Core/Src/Alarm.o
 .debug_macro   0x0000000000013e73      0x126 Core/Src/Alarm.o
 .debug_macro   0x0000000000013f99       0x16 Core/Src/Alarm.o
 .debug_macro   0x0000000000013faf      0x15a Core/Src/Alarm.o
 .debug_macro   0x0000000000014109       0x46 Core/Src/Alarm.o
 .debug_macro   0x000000000001414f       0x18 Core/Src/Alarm.o
 .debug_macro   0x0000000000014167       0x3c Core/Src/Alarm.o
 .debug_macro   0x00000000000141a3       0x34 Core/Src/Alarm.o
 .debug_macro   0x00000000000141d7       0x52 Core/Src/Alarm.o
 .debug_macro   0x0000000000014229       0x1f Core/Src/Alarm.o
 .debug_macro   0x0000000000014248       0x43 Core/Src/Alarm.o
 .debug_macro   0x000000000001428b       0x20 Core/Src/Alarm.o
 .debug_macro   0x00000000000142ab      0x1a3 Core/Src/Alarm.o
 .debug_macro   0x000000000001444e      0x32a Core/Src/Alarm.o
 .debug_macro   0x0000000000014778       0x10 Core/Src/Alarm.o
 .debug_macro   0x0000000000014788       0x35 Core/Src/Alarm.o
 .debug_macro   0x00000000000147bd       0x20 Core/Src/Alarm.o
 .debug_macro   0x00000000000147dd       0x40 Core/Src/Alarm.o
 .debug_macro   0x000000000001481d       0x16 Core/Src/Alarm.o
 .debug_macro   0x0000000000014833      0x299 Core/Src/Display_LCD.o
 .debug_macro   0x0000000000014acc       0x40 Core/Src/Display_LCD.o
 .debug_macro   0x0000000000014b0c       0x94 Core/Src/Display_LCD.o
 .debug_macro   0x0000000000014ba0       0x16 Core/Src/Display_LCD.o
 .debug_macro   0x0000000000014bb6      0x10e Core/Src/Display_LCD.o
 .debug_macro   0x0000000000014cc4       0x8d Core/Src/Display_LCD.o
 .debug_macro   0x0000000000014d51       0x57 Core/Src/Display_LCD.o
 .debug_macro   0x0000000000014da8      0x330 Core/Src/Display_LCD.o
 .debug_macro   0x00000000000150d8       0x16 Core/Src/Display_LCD.o
 .debug_macro   0x00000000000150ee       0x29 Core/Src/Display_LCD.o
 .debug_macro   0x0000000000015117       0xd9 Core/Src/Display_LCD.o
 .debug_macro   0x00000000000151f0       0x54 Core/Src/Display_LCD.o
 .debug_macro   0x0000000000015244      0x2c1 Core/Src/Keyb_4x4.o
 .debug_macro   0x0000000000015505      0x1e7 Core/Src/gpio.o
 .debug_macro   0x00000000000156ec      0x154 Core/Src/gpio.o
 .debug_macro   0x0000000000015840      0x2d9 Core/Src/main.o
 .debug_macro   0x0000000000015b19      0x1dd Core/Src/stm32f4xx_hal_msp.o
 .debug_macro   0x0000000000015cf6      0x1f9 Core/Src/stm32f4xx_it.o
 .debug_macro   0x0000000000015eef      0x1d4 Core/Src/system_stm32f4xx.o
 .debug_macro   0x00000000000160c3      0x1e7 Core/Src/tim.o
 .debug_macro   0x00000000000162aa      0x1e7 Core/Src/usart.o
 .debug_macro   0x0000000000016491      0x22e Drivers/STM32F4xx_HAL_Driver/Src/stm32f4xx_hal.o
 .debug_macro   0x00000000000166bf      0x1ce Drivers/STM32F4xx_HAL_Driver/Src/stm32f4xx_hal_cortex.o
 .debug_macro   0x000000000001688d      0x204 Drivers/STM32F4xx_HAL_Driver/Src/stm32f4xx_hal_gpio.o
 .debug_macro   0x0000000000016a91      0x1f2 Drivers/STM32F4xx_HAL_Driver/Src/stm32f4xx_hal_rcc.o
 .debug_macro   0x0000000000016c83      0x1cf Drivers/STM32F4xx_HAL_Driver/Src/stm32f4xx_hal_tim.o
 .debug_macro   0x0000000000016e52      0x1ce Drivers/STM32F4xx_HAL_Driver/Src/stm32f4xx_hal_tim_ex.o
 .debug_macro   0x0000000000017020      0x1cf Drivers/STM32F4xx_HAL_Driver/Src/stm32f4xx_hal_uart.o

.debug_line     0x0000000000000000     0xa749
 .debug_line    0x0000000000000000      0x926 Core/Src/Alarm.o
 .debug_line    0x0000000000000926      0x955 Core/Src/Display_LCD.o
 .debug_line    0x000000000000127b      0x8d3 Core/Src/Keyb_4x4.o
 .debug_line    0x0000000000001b4e      0x6ef Core/Src/gpio.o
 .debug_line    0x000000000000223d      0x88d Core/Src/main.o
 .debug_line    0x0000000000002aca      0x6c2 Core/Src/stm32f4xx_hal_msp.o
 .debug_line    0x000000000000318c      0x7f3 Core/Src/stm32f4xx_it.o
 .debug_line    0x000000000000397f      0x6dc Core/Src/system_stm32f4xx.o
 .debug_line    0x000000000000405b      0x714 Core/Src/tim.o
 .debug_line    0x000000000000476f      0x6f5 Core/Src/usart.o
 .debug_line    0x0000000000004e64       0x86 Core/Startup/startup_stm32f401retx.o
 .debug_line    0x0000000000004eea      0x8c6 Drivers/STM32F4xx_HAL_Driver/Src/stm32f4xx_hal.o
 .debug_line    0x00000000000057b0      0x9ea Drivers/STM32F4xx_HAL_Driver/Src/stm32f4xx_hal_cortex.o
 .debug_line    0x000000000000619a      0x869 Drivers/STM32F4xx_HAL_Driver/Src/stm32f4xx_hal_gpio.o
 .debug_line    0x0000000000006a03      0x91e Drivers/STM32F4xx_HAL_Driver/Src/stm32f4xx_hal_rcc.o
 .debug_line    0x0000000000007321     0x1783 Drivers/STM32F4xx_HAL_Driver/Src/stm32f4xx_hal_tim.o
 .debug_line    0x0000000000008aa4      0xcd1 Drivers/STM32F4xx_HAL_Driver/Src/stm32f4xx_hal_tim_ex.o
 .debug_line    0x0000000000009775      0xfd4 Drivers/STM32F4xx_HAL_Driver/Src/stm32f4xx_hal_uart.o

.debug_str      0x0000000000000000    0x8aeca
 .debug_str     0x0000000000000000    0x87f4d Core/Src/Alarm.o
                                      0x882f5 (size before relaxing)
 .debug_str     0x0000000000087f4d      0x1ff Core/Src/Display_LCD.o
                                      0x87b68 (size before relaxing)
 .debug_str     0x000000000008814c      0x106 Core/Src/Keyb_4x4.o
                                      0x88377 (size before relaxing)
 .debug_str     0x0000000000088252      0x170 Core/Src/gpio.o
                                      0x84ed3 (size before relaxing)
 .debug_str     0x00000000000883c2      0x323 Core/Src/main.o
                                      0x8871f (size before relaxing)
 .debug_str     0x00000000000886e5       0x2c Core/Src/stm32f4xx_hal_msp.o
                                      0x84aac (size before relaxing)
 .debug_str     0x0000000000088711      0x10d Core/Src/stm32f4xx_it.o
                                      0x84b7c (size before relaxing)
 .debug_str     0x000000000008881e       0xc4 Core/Src/system_stm32f4xx.o
                                      0x8466c (size before relaxing)
 .debug_str     0x00000000000888e2      0x17a Core/Src/tim.o
                                      0x850d6 (size before relaxing)
 .debug_str     0x0000000000088a5c       0x57 Core/Src/usart.o
                                      0x84f87 (size before relaxing)
 .debug_str     0x0000000000088ab3       0x36 Core/Startup/startup_stm32f401retx.o
                                         0x67 (size before relaxing)
 .debug_str     0x0000000000088ae9      0x58d Drivers/STM32F4xx_HAL_Driver/Src/stm32f4xx_hal.o
                                      0x84fd7 (size before relaxing)
 .debug_str     0x0000000000089076      0x399 Drivers/STM32F4xx_HAL_Driver/Src/stm32f4xx_hal_cortex.o
                                      0x84db4 (size before relaxing)
 .debug_str     0x000000000008940f      0x1ec Drivers/STM32F4xx_HAL_Driver/Src/stm32f4xx_hal_gpio.o
                                      0x848ab (size before relaxing)
 .debug_str     0x00000000000895fb      0x259 Drivers/STM32F4xx_HAL_Driver/Src/stm32f4xx_hal_rcc.o
                                      0x84a59 (size before relaxing)
 .debug_str     0x0000000000089854      0xcb8 Drivers/STM32F4xx_HAL_Driver/Src/stm32f4xx_hal_tim.o
                                      0x85766 (size before relaxing)
 .debug_str     0x000000000008a50c      0x4a2 Drivers/STM32F4xx_HAL_Driver/Src/stm32f4xx_hal_tim_ex.o
                                      0x84f66 (size before relaxing)
 .debug_str     0x000000000008a9ae      0x51c Drivers/STM32F4xx_HAL_Driver/Src/stm32f4xx_hal_uart.o
                                      0x84ea6 (size before relaxing)

.comment        0x0000000000000000       0x7b
 .comment       0x0000000000000000       0x7b Core/Src/Alarm.o
                                         0x7c (size before relaxing)
 .comment       0x000000000000007b       0x7c Core/Src/Display_LCD.o
 .comment       0x000000000000007b       0x7c Core/Src/Keyb_4x4.o
 .comment       0x000000000000007b       0x7c Core/Src/gpio.o
 .comment       0x000000000000007b       0x7c Core/Src/main.o
 .comment       0x000000000000007b       0x7c Core/Src/stm32f4xx_hal_msp.o
 .comment       0x000000000000007b       0x7c Core/Src/stm32f4xx_it.o
 .comment       0x000000000000007b       0x7c Core/Src/system_stm32f4xx.o
 .comment       0x000000000000007b       0x7c Core/Src/tim.o
 .comment       0x000000000000007b       0x7c Core/Src/usart.o
 .comment       0x000000000000007b       0x7c Drivers/STM32F4xx_HAL_Driver/Src/stm32f4xx_hal.o
 .comment       0x000000000000007b       0x7c Drivers/STM32F4xx_HAL_Driver/Src/stm32f4xx_hal_cortex.o
 .comment       0x000000000000007b       0x7c Drivers/STM32F4xx_HAL_Driver/Src/stm32f4xx_hal_gpio.o
 .comment       0x000000000000007b       0x7c Drivers/STM32F4xx_HAL_Driver/Src/stm32f4xx_hal_rcc.o
 .comment       0x000000000000007b       0x7c Drivers/STM32F4xx_HAL_Driver/Src/stm32f4xx_hal_tim.o
 .comment       0x000000000000007b       0x7c Drivers/STM32F4xx_HAL_Driver/Src/stm32f4xx_hal_tim_ex.o
 .comment       0x000000000000007b       0x7c Drivers/STM32F4xx_HAL_Driver/Src/stm32f4xx_hal_uart.o

.debug_frame    0x0000000000000000     0x32d0
 .debug_frame   0x0000000000000000       0xe4 Core/Src/Alarm.o
 .debug_frame   0x00000000000000e4      0x1e8 Core/Src/Display_LCD.o
 .debug_frame   0x00000000000002cc       0xb4 Core/Src/Keyb_4x4.o
 .debug_frame   0x0000000000000380       0x34 Core/Src/gpio.o
 .debug_frame   0x00000000000003b4       0x70 Core/Src/main.o
 .debug_frame   0x0000000000000424       0x34 Core/Src/stm32f4xx_hal_msp.o
 .debug_frame   0x0000000000000458      0x184 Core/Src/stm32f4xx_it.o
 .debug_frame   0x00000000000005dc       0x58 Core/Src/system_stm32f4xx.o
 .debug_frame   0x0000000000000634       0xa8 Core/Src/tim.o
 .debug_frame   0x00000000000006dc       0x74 Core/Src/usart.o
 .debug_frame   0x0000000000000750      0x374 Drivers/STM32F4xx_HAL_Driver/Src/stm32f4xx_hal.o
 .debug_frame   0x0000000000000ac4      0x498 Drivers/STM32F4xx_HAL_Driver/Src/stm32f4xx_hal_cortex.o
 .debug_frame   0x0000000000000f5c      0x14c Drivers/STM32F4xx_HAL_Driver/Src/stm32f4xx_hal_gpio.o
 .debug_frame   0x00000000000010a8      0x1f0 Drivers/STM32F4xx_HAL_Driver/Src/stm32f4xx_hal_rcc.o
 .debug_frame   0x0000000000001298     0x10e8 Drivers/STM32F4xx_HAL_Driver/Src/stm32f4xx_hal_tim.o
 .debug_frame   0x0000000000002380      0x5c0 Drivers/STM32F4xx_HAL_Driver/Src/stm32f4xx_hal_tim_ex.o
 .debug_frame   0x0000000000002940      0x844 Drivers/STM32F4xx_HAL_Driver/Src/stm32f4xx_hal_uart.o
 .debug_frame   0x0000000000003184       0x2c c:/st/stm32cubeide_1.2.0/stm32cubeide/plugins/com.st.stm32cube.ide.mcu.externaltools.gnu-tools-for-stm32.7-2018-q2-update.win32_1.0.0.201904181610/tools/bin/../lib/gcc/arm-none-eabi/7.3.1/../../../../arm-none-eabi/lib/thumb/v7e-m/fpv4-sp/hard\libc_nano.a(lib_a-init.o)
 .debug_frame   0x00000000000031b0       0x38 c:/st/stm32cubeide_1.2.0/stm32cubeide/plugins/com.st.stm32cube.ide.mcu.externaltools.gnu-tools-for-stm32.7-2018-q2-update.win32_1.0.0.201904181610/tools/bin/../lib/gcc/arm-none-eabi/7.3.1/../../../../arm-none-eabi/lib/thumb/v7e-m/fpv4-sp/hard\libc_nano.a(lib_a-itoa.o)
 .debug_frame   0x00000000000031e8       0x20 c:/st/stm32cubeide_1.2.0/stm32cubeide/plugins/com.st.stm32cube.ide.mcu.externaltools.gnu-tools-for-stm32.7-2018-q2-update.win32_1.0.0.201904181610/tools/bin/../lib/gcc/arm-none-eabi/7.3.1/../../../../arm-none-eabi/lib/thumb/v7e-m/fpv4-sp/hard\libc_nano.a(lib_a-memset.o)
 .debug_frame   0x0000000000003208       0x20 c:/st/stm32cubeide_1.2.0/stm32cubeide/plugins/com.st.stm32cube.ide.mcu.externaltools.gnu-tools-for-stm32.7-2018-q2-update.win32_1.0.0.201904181610/tools/bin/../lib/gcc/arm-none-eabi/7.3.1/../../../../arm-none-eabi/lib/thumb/v7e-m/fpv4-sp/hard\libc_nano.a(lib_a-strcmp.o)
 .debug_frame   0x0000000000003228       0x48 c:/st/stm32cubeide_1.2.0/stm32cubeide/plugins/com.st.stm32cube.ide.mcu.externaltools.gnu-tools-for-stm32.7-2018-q2-update.win32_1.0.0.201904181610/tools/bin/../lib/gcc/arm-none-eabi/7.3.1/../../../../arm-none-eabi/lib/thumb/v7e-m/fpv4-sp/hard\libc_nano.a(lib_a-utoa.o)
 .debug_frame   0x0000000000003270       0x2c c:/st/stm32cubeide_1.2.0/stm32cubeide/plugins/com.st.stm32cube.ide.mcu.externaltools.gnu-tools-for-stm32.7-2018-q2-update.win32_1.0.0.201904181610/tools/bin/../lib/gcc/arm-none-eabi/7.3.1/thumb/v7e-m/fpv4-sp/hard\libgcc.a(_aeabi_uldivmod.o)
 .debug_frame   0x000000000000329c       0x34 c:/st/stm32cubeide_1.2.0/stm32cubeide/plugins/com.st.stm32cube.ide.mcu.externaltools.gnu-tools-for-stm32.7-2018-q2-update.win32_1.0.0.201904181610/tools/bin/../lib/gcc/arm-none-eabi/7.3.1/thumb/v7e-m/fpv4-sp/hard\libgcc.a(_udivmoddi4.o)
